Component: ARM Compiler 6.14 Tool: armlink [5db06800]

==============================================================================

Section Cross References

    code_limpiador_juntas.o(.text.main) refers to code_limpiador_juntas.o(.text._Z9RCC_SETUPv) for RCC_SETUP()
    code_limpiador_juntas.o(.text.main) refers to code_limpiador_juntas.o(.text._Z10GPIO_SETUPv) for GPIO_SETUP()
    code_limpiador_juntas.o(.text.main) refers to code_limpiador_juntas.o(.text._Z11USART_SETUPv) for USART_SETUP()
    code_limpiador_juntas.o(.text.main) refers to code_limpiador_juntas.o(.text._Z10TIM_Configv) for TIM_Config()
    code_limpiador_juntas.o(.text.main) refers to code_limpiador_juntas.o(.text._Z11Test_Serialv) for Test_Serial()
    code_limpiador_juntas.o(.text.main) refers to code_limpiador_juntas.o(.text._Z14carro_adelantei) for carro_adelante(int)
    code_limpiador_juntas.o(.text.main) refers to code_limpiador_juntas.o(.text._Z11carro_atrasi) for carro_atras(int)
    code_limpiador_juntas.o(.text.main) refers to code_limpiador_juntas.o(.text._Z15paro_emergenciav) for paro_emergencia()
    code_limpiador_juntas.o(.text.main) refers to code_limpiador_juntas.o(.bss..L_MergedGlobals.1) for [Anonymous Symbol]
    code_limpiador_juntas.o(.text.main) refers to code_limpiador_juntas.o(.text._ZNSt3__113unordered_mapIciNS_4hashIcEENS_8equal_toIcEENS_9allocatorINS_4pairIKciEEEEEixEOc) for std::__1::unordered_map<char, int, std::__1::hash<char>, std::__1::equal_to<char>, std::__1::allocator<std::__1::pair<const char, int>>>::operator [](char&&)
    code_limpiador_juntas.o(.ARM.exidx.text.main) refers to code_limpiador_juntas.o(.text.main) for [Anonymous Symbol]
    code_limpiador_juntas.o(.ARM.exidx.text._Z9RCC_SETUPv) refers to code_limpiador_juntas.o(.text._Z9RCC_SETUPv) for [Anonymous Symbol]
    code_limpiador_juntas.o(.ARM.exidx.text._Z10GPIO_SETUPv) refers to code_limpiador_juntas.o(.text._Z10GPIO_SETUPv) for [Anonymous Symbol]
    code_limpiador_juntas.o(.ARM.exidx.text._Z12SysTick_Initv) refers to code_limpiador_juntas.o(.text._Z12SysTick_Initv) for [Anonymous Symbol]
    code_limpiador_juntas.o(.ARM.exidx.text._Z11USART_SETUPv) refers to code_limpiador_juntas.o(.text._Z11USART_SETUPv) for [Anonymous Symbol]
    code_limpiador_juntas.o(.ARM.exidx.text._Z10TIM_Configv) refers to code_limpiador_juntas.o(.text._Z10TIM_Configv) for [Anonymous Symbol]
    code_limpiador_juntas.o(.ARM.exidx.text._Z10move_servoii) refers to code_limpiador_juntas.o(.text._Z10move_servoii) for [Anonymous Symbol]
    code_limpiador_juntas.o(.text._Z11Test_Serialv) refers to code_limpiador_juntas.o(.text._Z15SysTick_Wait1msj) for SysTick_Wait1ms(unsigned)
    code_limpiador_juntas.o(.text._Z11Test_Serialv) refers to code_limpiador_juntas.o(.text._Z15USART3_SendChari) for USART3_SendChar(int)
    code_limpiador_juntas.o(.ARM.exidx.text._Z11Test_Serialv) refers to code_limpiador_juntas.o(.text._Z11Test_Serialv) for [Anonymous Symbol]
    code_limpiador_juntas.o(.text._Z15paro_emergenciav) refers to code_limpiador_juntas.o(.text._Z15SysTick_Wait1msj) for SysTick_Wait1ms(unsigned)
    code_limpiador_juntas.o(.ARM.exidx.text._Z15paro_emergenciav) refers to code_limpiador_juntas.o(.text._Z15paro_emergenciav) for [Anonymous Symbol]
    code_limpiador_juntas.o(.ARM.exidx.text._Z14carro_adelantei) refers to code_limpiador_juntas.o(.text._Z14carro_adelantei) for [Anonymous Symbol]
    code_limpiador_juntas.o(.ARM.exidx.text._Z11carro_atrasi) refers to code_limpiador_juntas.o(.text._Z11carro_atrasi) for [Anonymous Symbol]
    code_limpiador_juntas.o(.text._Z15SysTick_Wait1msj) refers to code_limpiador_juntas.o(.text._Z12SysTick_Waitj) for SysTick_Wait(unsigned)
    code_limpiador_juntas.o(.ARM.exidx.text._Z15SysTick_Wait1msj) refers to code_limpiador_juntas.o(.text._Z15SysTick_Wait1msj) for [Anonymous Symbol]
    code_limpiador_juntas.o(.ARM.exidx.text._Z15USART3_SendChari) refers to code_limpiador_juntas.o(.text._Z15USART3_SendChari) for [Anonymous Symbol]
    code_limpiador_juntas.o(.ARM.exidx.text._Z15USART6_SendChari) refers to code_limpiador_juntas.o(.text._Z15USART6_SendChari) for [Anonymous Symbol]
    code_limpiador_juntas.o(.ARM.exidx.text._Z10Test_Timerv) refers to code_limpiador_juntas.o(.text._Z10Test_Timerv) for [Anonymous Symbol]
    code_limpiador_juntas.o(.text._Z22move_controlled_servosc) refers to code_limpiador_juntas.o(.data..L_MergedGlobals) for [Anonymous Symbol]
    code_limpiador_juntas.o(.ARM.exidx.text._Z22move_controlled_servosc) refers to code_limpiador_juntas.o(.text._Z22move_controlled_servosc) for [Anonymous Symbol]
    code_limpiador_juntas.o(.ARM.exidx.text._Z12SysTick_Waitj) refers to code_limpiador_juntas.o(.text._Z12SysTick_Waitj) for [Anonymous Symbol]
    code_limpiador_juntas.o(.ARM.exidx.text.TIM5_IRQHandler) refers to code_limpiador_juntas.o(.text.TIM5_IRQHandler) for [Anonymous Symbol]
[...]


==============================================================================

Removing Unused input sections from the image.

    Removing code_limpiador_juntas.o(.text), (0 bytes).
    Removing code_limpiador_juntas.o(.ARM.exidx.text.main), (8 bytes).
    Removing code_limpiador_juntas.o(.ARM.exidx.text._Z9RCC_SETUPv), (8 bytes).
    Removing code_limpiador_juntas.o(.ARM.exidx.text._Z10GPIO_SETUPv), (8 bytes).
    Removing code_limpiador_juntas.o(.text._Z12SysTick_Initv), (20 bytes).
    Removing code_limpiador_juntas.o(.ARM.exidx.text._Z12SysTick_Initv), (8 bytes).
    Removing code_limpiador_juntas.o(.ARM.exidx.text._Z11USART_SETUPv), (8 bytes).
    Removing code_limpiador_juntas.o(.ARM.exidx.text._Z10TIM_Configv), (8 bytes).
    Removing code_limpiador_juntas.o(.text._Z10move_servoii), (16 bytes).
    Removing code_limpiador_juntas.o(.ARM.exidx.text._Z10move_servoii), (8 bytes).
    Removing code_limpiador_juntas.o(.ARM.exidx.text._Z11Test_Serialv), (8 bytes).
    Removing code_limpiador_juntas.o(.ARM.exidx.text._Z15paro_emergenciav), (8 bytes).
    Removing code_limpiador_juntas.o(.ARM.exidx.text._Z14carro_adelantei), (8 bytes).
    Removing code_limpiador_juntas.o(.ARM.exidx.text._Z11carro_atrasi), (8 bytes).
    Removing code_limpiador_juntas.o(.ARM.exidx.text._Z15SysTick_Wait1msj), (8 bytes).
    Removing code_limpiador_juntas.o(.ARM.exidx.text._Z15USART3_SendChari), (8 bytes).
    Removing code_limpiador_juntas.o(.text._Z15USART6_SendChari), (16 bytes).
    Removing code_limpiador_juntas.o(.ARM.exidx.text._Z15USART6_SendChari), (8 bytes).
    Removing code_limpiador_juntas.o(.text._Z10Test_Timerv), (32 bytes).
    Removing code_limpiador_juntas.o(.ARM.exidx.text._Z10Test_Timerv), (8 bytes).
    Removing code_limpiador_juntas.o(.ARM.exidx.text._Z22move_controlled_servosc), (8 bytes).
    Removing code_limpiador_juntas.o(.ARM.exidx.text._Z12SysTick_Waitj), (8 bytes).
    Removing code_limpiador_juntas.o(.ARM.exidx.text.TIM5_IRQHandler), (8 bytes).
    Removing code_limpiador_juntas.o(.ARM.exidx.text.USART3_IRQHandler), (8 bytes).
    Removing code_limpiador_juntas.o(.ARM.exidx.text.USART6_IRQHandler), (8 bytes).
    Removing code_limpiador_juntas.o(.ARM.exidx.text._GLOBAL__sub_I_Code_Limpiador_Juntas.cpp), (8 bytes).
    Removing code_limpiador_juntas.o(.ARM.use_no_argv), (4 bytes).
    Removing system_stm32f7xx.o(.text), (0 bytes).
    Removing system_stm32f7xx.o(.ARM.exidx.text.SystemInit), (8 bytes).
    Removing system_stm32f7xx.o(.text.SystemCoreClockUpdate), (108 bytes).
    Removing system_stm32f7xx.o(.ARM.exidx.text.SystemCoreClockUpdate), (8 bytes).
    Removing system_stm32f7xx.o(.data.SystemCoreClock), (4 bytes).
    Removing system_stm32f7xx.o(.rodata.AHBPrescTable), (16 bytes).
    Removing system_stm32f7xx.o(.rodata.APBPrescTable), (8 bytes).
    Removing hash.cpp.o(.text), (0 bytes).
    Removing hash.cpp.o(.ARM.exidx.text._ZNSt3__112__next_primeEj), (8 bytes).
    Removing new.cpp.o(.text), (0 bytes).
    Removing new.cpp.o(.text._ZSt17__throw_bad_allocv), (4 bytes).
    Removing new.cpp.o(.ARM.exidx.text._ZSt17__throw_bad_allocv), (8 bytes).
    Removing new.cpp.o(.ARM.exidx.text._Znwj), (8 bytes).
    Removing new.cpp.o(.text._ZnwjRKSt9nothrow_t), (4 bytes).
    Removing new.cpp.o(.ARM.exidx.text._ZnwjRKSt9nothrow_t), (8 bytes).
    Removing new.cpp.o(.text._Znaj), (4 bytes).
    Removing new.cpp.o(.ARM.exidx.text._Znaj), (8 bytes).
    Removing new.cpp.o(.text._ZnajRKSt9nothrow_t), (4 bytes).
    Removing new.cpp.o(.ARM.exidx.text._ZnajRKSt9nothrow_t), (8 bytes).
    Removing new.cpp.o(.ARM.exidx.text._ZdlPv), (8 bytes).
    Removing new.cpp.o(.text._ZdlPvRKSt9nothrow_t), (4 bytes).
    Removing new.cpp.o(.ARM.exidx.text._ZdlPvRKSt9nothrow_t), (8 bytes).
    Removing new.cpp.o(.text._ZdlPvj), (4 bytes).
    Removing new.cpp.o(.ARM.exidx.text._ZdlPvj), (8 bytes).
    Removing new.cpp.o(.text._ZdaPv), (4 bytes).
    Removing new.cpp.o(.ARM.exidx.text._ZdaPv), (8 bytes).
    Removing new.cpp.o(.text._ZdaPvRKSt9nothrow_t), (4 bytes).
    Removing new.cpp.o(.ARM.exidx.text._ZdaPvRKSt9nothrow_t), (8 bytes).
    Removing new.cpp.o(.text._ZdaPvj), (4 bytes).
    Removing new.cpp.o(.ARM.exidx.text._ZdaPvj), (8 bytes).
    Removing new.cpp.o(.text._ZnwjSt11align_val_t), (70 bytes).
    Removing new.cpp.o(.ARM.exidx.text._ZnwjSt11align_val_t), (8 bytes).
    Removing new.cpp.o(.text._ZnwjSt11align_val_tRKSt9nothrow_t), (4 bytes).
    Removing new.cpp.o(.ARM.exidx.text._ZnwjSt11align_val_tRKSt9nothrow_t), (8 bytes).
    Removing new.cpp.o(.text._ZnajSt11align_val_t), (4 bytes).
    Removing new.cpp.o(.ARM.exidx.text._ZnajSt11align_val_t), (8 bytes).
    Removing new.cpp.o(.text._ZnajSt11align_val_tRKSt9nothrow_t), (4 bytes).
    Removing new.cpp.o(.ARM.exidx.text._ZnajSt11align_val_tRKSt9nothrow_t), (8 bytes).
    Removing new.cpp.o(.text._ZdlPvSt11align_val_t), (4 bytes).
    Removing new.cpp.o(.ARM.exidx.text._ZdlPvSt11align_val_t), (8 bytes).
    Removing new.cpp.o(.text._ZdlPvSt11align_val_tRKSt9nothrow_t), (4 bytes).
    Removing new.cpp.o(.ARM.exidx.text._ZdlPvSt11align_val_tRKSt9nothrow_t), (8 bytes).
    Removing new.cpp.o(.text._ZdlPvjSt11align_val_t), (6 bytes).
    Removing new.cpp.o(.ARM.exidx.text._ZdlPvjSt11align_val_t), (8 bytes).
    Removing new.cpp.o(.text._ZdaPvSt11align_val_t), (4 bytes).
    Removing new.cpp.o(.ARM.exidx.text._ZdaPvSt11align_val_t), (8 bytes).
    Removing new.cpp.o(.text._ZdaPvSt11align_val_tRKSt9nothrow_t), (4 bytes).
    Removing new.cpp.o(.ARM.exidx.text._ZdaPvSt11align_val_tRKSt9nothrow_t), (8 bytes).
    Removing new.cpp.o(.text._ZdaPvjSt11align_val_t), (6 bytes).
    Removing new.cpp.o(.ARM.exidx.text._ZdaPvjSt11align_val_t), (8 bytes).
    Removing new.cpp.o(.rodata._ZSt7nothrow), (1 bytes).
    Removing cxa_handlers.cpp.o(.text), (0 bytes).
    Removing cxa_handlers.cpp.o(.text._ZSt14get_unexpectedv), (12 bytes).
    Removing cxa_handlers.cpp.o(.ARM.exidx.text._ZSt14get_unexpectedv), (8 bytes).
    Removing cxa_handlers.cpp.o(.text._ZSt12__unexpectedPFvvE), (52 bytes).
    Removing cxa_handlers.cpp.o(.ARM.exidx.text._ZSt12__unexpectedPFvvE), (8 bytes).
    Removing cxa_handlers.cpp.o(.text._ZSt10unexpectedv), (14 bytes).
    Removing cxa_handlers.cpp.o(.ARM.exidx.text._ZSt10unexpectedv), (8 bytes).
    Removing cxa_handlers.cpp.o(.text._ZSt13get_terminatev), (12 bytes).
    Removing cxa_handlers.cpp.o(.ARM.exidx.text._ZSt13get_terminatev), (8 bytes).
    Removing cxa_handlers.cpp.o(.text._ZSt11__terminatePFvvE), (48 bytes).
    Removing cxa_handlers.cpp.o(.ARM.exidx.text._ZSt11__terminatePFvvE), (8 bytes).
    Removing cxa_handlers.cpp.o(.text._ZSt9terminatev), (14 bytes).
    Removing cxa_handlers.cpp.o(.ARM.exidx.text._ZSt9terminatev), (8 bytes).
    Removing cxa_handlers.cpp.o(.text._ZSt15set_new_handlerPFvvE), (18 bytes).
    Removing cxa_handlers.cpp.o(.ARM.exidx.text._ZSt15set_new_handlerPFvvE), (8 bytes).
    Removing cxa_handlers.cpp.o(.ARM.exidx.text._ZSt15get_new_handlerv), (8 bytes).
    Removing abort_message.cpp.o(.text), (0 bytes).
    Removing abort_message.cpp.o(.text.abort_message), (4 bytes).
    Removing abort_message.cpp.o(.ARM.exidx.text.abort_message), (8 bytes).
    Removing cxa_default_handlers.cpp.o(.text), (0 bytes).
    Removing cxa_default_handlers.cpp.o(.text._ZSt14set_unexpectedPFvvE), (30 bytes).
    Removing cxa_default_handlers.cpp.o(.ARM.exidx.text._ZSt14set_unexpectedPFvvE), (8 bytes).
    Removing cxa_default_handlers.cpp.o(.text._ZSt13set_terminatePFvvE), (30 bytes).
    Removing cxa_default_handlers.cpp.o(.ARM.exidx.text._ZSt13set_terminatePFvvE), (8 bytes).
    Removing cxa_default_handlers.cpp.o(.data.__cxa_terminate_handler), (4 bytes).
    Removing cxa_default_handlers.cpp.o(.data.__cxa_unexpected_handler), (4 bytes).
    Removing code_limpiador_juntas.o(.ARM.exidx.text._ZNSt3__113unordered_mapIciNS_4hashIcEENS_8equal_toIcEENS_9allocatorINS_4pairIKciEEEEED2Ev), (8 bytes).
    Removing code_limpiador_juntas.o(.ARM.exidx.text._ZNSt3__113unordered_mapIciNS_4hashIcEENS_8equal_toIcEENS_9allocatorINS_4pairIKciEEEEEixEOc), (8 bytes).
    Removing code_limpiador_juntas.o(.ARM.exidx.text._ZNSt3__113unordered_mapIciNS_4hashIcEENS_8equal_toIcEENS_9allocatorINS_4pairIKciEEEEEixERS7_), (8 bytes).
    Removing code_limpiador_juntas.o(.ARM.exidx.text._ZNSt3__112__hash_tableINS_17__hash_value_typeIciEENS_22__unordered_map_hasherIcS2_NS_4hashIcEELb1EEENS_21__unordered_map_equalIcS2_NS_8equal_toIcEELb1EEENS_9allocatorIS2_EEED2Ev), (8 bytes).
    Removing code_limpiador_juntas.o(.ARM.exidx.text._ZNSt3__112__hash_tableINS_17__hash_value_typeIciEENS_22__unordered_map_hasherIcS2_NS_4hashIcEELb1EEENS_21__unordered_map_equalIcS2_NS_8equal_toIcEELb1EEENS_9allocatorIS2_EEE17__deallocate_nodeEPNS_16__hash_node_baseIPNS_11__hash_nodeIS2_PvEEEE), (8 bytes).
    Removing code_limpiador_juntas.o(.ARM.exidx.text._ZNSt3__112__hash_tableINS_17__hash_value_typeIciEENS_22__unordered_map_hasherIcS2_NS_4hashIcEELb1EEENS_21__unordered_map_equalIcS2_NS_8equal_toIcEELb1EEENS_9allocatorIS2_EEE6rehashEj), (8 bytes).
    Removing code_limpiador_juntas.o(.ARM.exidx.text._ZNSt3__112__hash_tableINS_17__hash_value_typeIciEENS_22__unordered_map_hasherIcS2_NS_4hashIcEELb1EEENS_21__unordered_map_equalIcS2_NS_8equal_toIcEELb1EEENS_9allocatorIS2_EEE8__rehashEj), (8 bytes).

111 unused section(s) (total 1117 bytes) removed from the image.

==============================================================================

Image Symbol Table

    Local Symbols

    Symbol Name                              Value     Ov Type        Size  Object(Section)

    ../clib/angel/boardlib.s                 0x00000000   Number         0  boardinit1.o ABSOLUTE
    ../clib/angel/boardlib.s                 0x00000000   Number         0  boardinit2.o ABSOLUTE
    ../clib/angel/boardlib.s                 0x00000000   Number         0  boardinit3.o ABSOLUTE
    ../clib/angel/boardlib.s                 0x00000000   Number         0  boardshut.o ABSOLUTE
    ../clib/angel/handlers.s                 0x00000000   Number         0  __scatter_copy.o ABSOLUTE
    ../clib/angel/handlers.s                 0x00000000   Number         0  __scatter_zi.o ABSOLUTE
    ../clib/angel/kernel.s                   0x00000000   Number         0  __rtentry.o ABSOLUTE
    ../clib/angel/kernel.s                   0x00000000   Number         0  __rtentry2.o ABSOLUTE
    ../clib/angel/kernel.s                   0x00000000   Number         0  __rtentry4.o ABSOLUTE
    ../clib/angel/kernel.s                   0x00000000   Number         0  rtexit.o ABSOLUTE
    ../clib/angel/kernel.s                   0x00000000   Number         0  rtexit2.o ABSOLUTE
    ../clib/angel/rt.s                       0x00000000   Number         0  rt_raise.o ABSOLUTE
    ../clib/angel/rt.s                       0x00000000   Number         0  rt_heap_descriptor.o ABSOLUTE
    ../clib/angel/rt.s                       0x00000000   Number         0  rt_heap_descriptor_intlibspace.o ABSOLUTE
    ../clib/angel/rt.s                       0x00000000   Number         0  rt_ddtor_pointer_addr.o ABSOLUTE
    ../clib/angel/rt.s                       0x00000000   Number         0  rt_ddtor_pointer_addr_intlibspace.o ABSOLUTE
    ../clib/angel/scatter.s                  0x00000000   Number         0  __scatter.o ABSOLUTE
    ../clib/angel/startup.s                  0x00000000   Number         0  __main.o ABSOLUTE
    ../clib/angel/sys.s                      0x00000000   Number         0  use_no_semi.o ABSOLUTE
    ../clib/angel/sys.s                      0x00000000   Number         0  mutex_dummy.o ABSOLUTE
    ../clib/angel/sys.s                      0x00000000   Number         0  indicate_semi.o ABSOLUTE
    ../clib/angel/sys.s                      0x00000000   Number         0  libspace.o ABSOLUTE
    ../clib/angel/sys.s                      0x00000000   Number         0  sys_stackheap_outer.o ABSOLUTE
    ../clib/angel/sysapp.c                   0x00000000   Number         0  sys_exit.o ABSOLUTE
    ../clib/angel/sysapp.c                   0x00000000   Number         0  sys_exit_hlt.o ABSOLUTE
    ../clib/angel/sysapp.c                   0x00000000   Number         0  sys_command.o ABSOLUTE
    ../clib/angel/sysapp.c                   0x00000000   Number         0  sys_command_hlt.o ABSOLUTE
    ../clib/angel/sysapp.c                   0x00000000   Number         0  sys_wrch.o ABSOLUTE
    ../clib/angel/sysapp.c                   0x00000000   Number         0  sys_wrch_hlt.o ABSOLUTE
    ../clib/arm_runtime.c                    0x00000000   Number         0  init_aeabi.o ABSOLUTE
    ../clib/arm_runtime.c                    0x00000000   Number         0  init_aeabi.o ABSOLUTE
    ../clib/armsys.c                         0x00000000   Number         0  _get_argv.o ABSOLUTE
    ../clib/armsys.c                         0x00000000   Number         0  argv_veneer.o ABSOLUTE
    ../clib/armsys.c                         0x00000000   Number         0  argv_veneer.o ABSOLUTE
    ../clib/armsys.c                         0x00000000   Number         0  _get_argv_nomalloc.o ABSOLUTE
    ../clib/armsys.c                         0x00000000   Number         0  no_argv.o ABSOLUTE
    ../clib/heap1.c                          0x00000000   Number         0  h1_alloc.o ABSOLUTE
    ../clib/heap1.c                          0x00000000   Number         0  h1_free.o ABSOLUTE
    ../clib/heap1.c                          0x00000000   Number         0  h1_memalign.o ABSOLUTE
    ../clib/heap1.c                          0x00000000   Number         0  h1_alloc_threads.o ABSOLUTE
    ../clib/heap1.c                          0x00000000   Number         0  h1_free_threads.o ABSOLUTE
    ../clib/heap1.c                          0x00000000   Number         0  h1_memalign_threads.o ABSOLUTE
    ../clib/heap1.c                          0x00000000   Number         0  h1_init.o ABSOLUTE
    ../clib/heap1.c                          0x00000000   Number         0  h1_init_threads.o ABSOLUTE
    ../clib/heap1.c                          0x00000000   Number         0  h1_extend.o ABSOLUTE
    ../clib/heap1.c                          0x00000000   Number         0  h1_extend_threads.o ABSOLUTE
    ../clib/heap1.c                          0x00000000   Number         0  h1_final.o ABSOLUTE
    ../clib/heap1.c                          0x00000000   Number         0  h1_final_threads.o ABSOLUTE
    ../clib/heap2.c                          0x00000000   Number         0  heap2.o ABSOLUTE
    ../clib/heap2.c                          0x00000000   Number         0  heap2_threads.o ABSOLUTE
    ../clib/heap2.c                          0x00000000   Number         0  fdtree.o ABSOLUTE
    ../clib/heapalloc.c                      0x00000000   Number         0  malloc.o ABSOLUTE
    ../clib/heapalloc.c                      0x00000000   Number         0  free.o ABSOLUTE
    ../clib/heapalloc.c                      0x00000000   Number         0  hguard.o ABSOLUTE
    ../clib/heapalloc.c                      0x00000000   Number         0  init_alloc.o ABSOLUTE
    ../clib/heapalloc.c                      0x00000000   Number         0  heapstubs.o ABSOLUTE
    ../clib/heapalloc.c                      0x00000000   Number         0  hrguard.o ABSOLUTE
    ../clib/heapalloc.c                      0x00000000   Number         0  term_alloc.o ABSOLUTE
    ../clib/heapaux.c                        0x00000000   Number         0  heapauxi.o ABSOLUTE
    ../clib/heapaux.c                        0x00000000   Number         0  heapauxa.o ABSOLUTE
    ../clib/libinit.s                        0x00000000   Number         0  libinit2.o ABSOLUTE
    ../clib/libinit.s                        0x00000000   Number         0  libinit.o ABSOLUTE
    ../clib/libinit.s                        0x00000000   Number         0  libshutdown2.o ABSOLUTE
    ../clib/libinit.s                        0x00000000   Number         0  libshutdown.o ABSOLUTE
    ../clib/maybe.s                          0x00000000   Number         0  maybetermalloc1.o ABSOLUTE
    ../clib/maybe.s                          0x00000000   Number         0  maybetermalloc2.o ABSOLUTE
    ../clib/memcpset.s                       0x00000000   Number         0  rt_memcpy_w.o ABSOLUTE
    ../clib/r_arm_target.c                   0x00000000   Number         0  __ARM_resolve_target1.o ABSOLUTE
    ../clib/r_arm_target.c                   0x00000000   Number         0  __ARM_resolve_target1_abs32.o ABSOLUTE
    ../clib/signal.c                         0x00000000   Number         0  defsig_abrt_outer.o ABSOLUTE
    ../clib/signal.c                         0x00000000   Number         0  defsig_abrt_formal.o ABSOLUTE
    ../clib/signal.c                         0x00000000   Number         0  defsig_exit.o ABSOLUTE
    ../clib/signal.c                         0x00000000   Number         0  defsig_abrt_inner.o ABSOLUTE
    ../clib/signal.c                         0x00000000   Number         0  __raise.o ABSOLUTE
    ../clib/signal.c                         0x00000000   Number         0  defsig_general.o ABSOLUTE
    ../clib/signal.c                         0x00000000   Number         0  defsig_rtmem_outer.o ABSOLUTE
    ../clib/signal.c                         0x00000000   Number         0  defsig_rtmem_formal.o ABSOLUTE
    ../clib/signal.c                         0x00000000   Number         0  defsig_rtmem_inner.o ABSOLUTE
    ../clib/signal.c                         0x00000000   Number         0  defsig_fpe_inner.o ABSOLUTE
    ../clib/signal.c                         0x00000000   Number         0  defsig_rtred_inner.o ABSOLUTE
    ../clib/signal.c                         0x00000000   Number         0  defsig_stak_inner.o ABSOLUTE
    ../clib/signal.c                         0x00000000   Number         0  defsig_pvfn_inner.o ABSOLUTE
    ../clib/signal.c                         0x00000000   Number         0  defsig_cppl_inner.o ABSOLUTE
    ../clib/signal.c                         0x00000000   Number         0  defsig_segv_inner.o ABSOLUTE
    ../clib/signal.c                         0x00000000   Number         0  defsig_other.o ABSOLUTE
    ../clib/signal.s                         0x00000000   Number         0  defsig.o ABSOLUTE
    ../clib/stdlib.c                         0x00000000   Number         0  abort.o ABSOLUTE
    ../clib/stdlib.c                         0x00000000   Number         0  atexit_cxa.o ABSOLUTE
    ../clib/stdlib.c                         0x00000000   Number         0  cxa_atexit.o ABSOLUTE
    ../clib/stdlib.c                         0x00000000   Number         0  atexit_aeabi.o ABSOLUTE
    ../clib/stdlib.c                         0x00000000   Number         0  aeabi_atexit.o ABSOLUTE
    ../clib/stdlib.c                         0x00000000   Number         0  cxa_finalize.o ABSOLUTE
    ../clib/stdlib.c                         0x00000000   Number         0  exit.o ABSOLUTE
    ../fplib/fpinit.s                        0x00000000   Number         0  fpinit.o ABSOLUTE
    Code_Limpiador_Juntas.cpp                0x00000000   Number         0  code_limpiador_juntas.o ABSOLUTE
    RTE/Device/STM32F767ZITx/startup_stm32f767xx.s 0x00000000   Number         0  startup_stm32f767xx.o ABSOLUTE
    abort_message.cpp                        0x00000000   Number         0  abort_message.cpp.o ABSOLUTE
    cxa_default_handlers.cpp                 0x00000000   Number         0  cxa_default_handlers.cpp.o ABSOLUTE
    cxa_handlers.cpp                         0x00000000   Number         0  cxa_handlers.cpp.o ABSOLUTE
    dc.s                                     0x00000000   Number         0  dc.o ABSOLUTE
    hash.cpp                                 0x00000000   Number         0  hash.cpp.o ABSOLUTE
    new.cpp                                  0x00000000   Number         0  new.cpp.o ABSOLUTE
    system_stm32f7xx.c                       0x00000000   Number         0  system_stm32f7xx.o ABSOLUTE
    RESET                                    0x08000000   Section      504  startup_stm32f767xx.o(RESET)
    !!!main                                  0x080001f8   Section        8  __main.o(!!!main)
    !!!scatter                               0x08000200   Section       52  __scatter.o(!!!scatter)
    !!handler_copy                           0x08000234   Section       26  __scatter_copy.o(!!handler_copy)
    !!handler_zi                             0x08000250   Section       28  __scatter_zi.o(!!handler_zi)
    .ARM.Collect$$libinit$$00000000          0x0800026c   Section        2  libinit.o(.ARM.Collect$$libinit$$00000000)
    .ARM.Collect$$libinit$$00000001          0x0800026e   Section        4  libinit2.o(.ARM.Collect$$libinit$$00000001)
    .ARM.Collect$$libinit$$00000004          0x08000272   Section        0  libinit2.o(.ARM.Collect$$libinit$$00000004)
    .ARM.Collect$$libinit$$00000005          0x08000272   Section        8  libinit2.o(.ARM.Collect$$libinit$$00000005)
    .ARM.Collect$$libinit$$0000000A          0x0800027a   Section        0  libinit2.o(.ARM.Collect$$libinit$$0000000A)
    .ARM.Collect$$libinit$$0000000C          0x0800027a   Section        0  libinit2.o(.ARM.Collect$$libinit$$0000000C)
    .ARM.Collect$$libinit$$0000000E          0x0800027a   Section        0  libinit2.o(.ARM.Collect$$libinit$$0000000E)
    .ARM.Collect$$libinit$$00000011          0x0800027a   Section        0  libinit2.o(.ARM.Collect$$libinit$$00000011)
    .ARM.Collect$$libinit$$00000013          0x0800027a   Section        0  libinit2.o(.ARM.Collect$$libinit$$00000013)
    .ARM.Collect$$libinit$$00000015          0x0800027a   Section        0  libinit2.o(.ARM.Collect$$libinit$$00000015)
    .ARM.Collect$$libinit$$00000017          0x0800027a   Section        0  libinit2.o(.ARM.Collect$$libinit$$00000017)
    .ARM.Collect$$libinit$$00000019          0x0800027a   Section        0  libinit2.o(.ARM.Collect$$libinit$$00000019)
    .ARM.Collect$$libinit$$0000001B          0x0800027a   Section        0  libinit2.o(.ARM.Collect$$libinit$$0000001B)
    .ARM.Collect$$libinit$$0000001D          0x0800027a   Section        0  libinit2.o(.ARM.Collect$$libinit$$0000001D)
    .ARM.Collect$$libinit$$0000001F          0x0800027a   Section        0  libinit2.o(.ARM.Collect$$libinit$$0000001F)
    .ARM.Collect$$libinit$$00000021          0x0800027a   Section        0  libinit2.o(.ARM.Collect$$libinit$$00000021)
    .ARM.Collect$$libinit$$00000023          0x0800027a   Section        0  libinit2.o(.ARM.Collect$$libinit$$00000023)
    .ARM.Collect$$libinit$$00000025          0x0800027a   Section        0  libinit2.o(.ARM.Collect$$libinit$$00000025)
    .ARM.Collect$$libinit$$0000002C          0x0800027a   Section        0  libinit2.o(.ARM.Collect$$libinit$$0000002C)
    .ARM.Collect$$libinit$$0000002E          0x0800027a   Section        0  libinit2.o(.ARM.Collect$$libinit$$0000002E)
    .ARM.Collect$$libinit$$00000030          0x0800027a   Section        0  libinit2.o(.ARM.Collect$$libinit$$00000030)
    .ARM.Collect$$libinit$$00000031          0x0800027a   Section        4  libinit2.o(.ARM.Collect$$libinit$$00000031)
    .ARM.Collect$$libinit$$00000032          0x0800027e   Section        0  libinit2.o(.ARM.Collect$$libinit$$00000032)
    .ARM.Collect$$libinit$$00000033          0x0800027e   Section        2  libinit2.o(.ARM.Collect$$libinit$$00000033)
    .ARM.Collect$$libshutdown$$00000000      0x08000280   Section        2  libshutdown.o(.ARM.Collect$$libshutdown$$00000000)
    .ARM.Collect$$libshutdown$$00000001      0x08000282   Section        6  libshutdown2.o(.ARM.Collect$$libshutdown$$00000001)
    .ARM.Collect$$libshutdown$$00000002      0x08000288   Section        0  libshutdown2.o(.ARM.Collect$$libshutdown$$00000002)
    .ARM.Collect$$libshutdown$$00000004      0x08000288   Section        0  libshutdown2.o(.ARM.Collect$$libshutdown$$00000004)
    .ARM.Collect$$libshutdown$$00000007      0x08000288   Section        0  libshutdown2.o(.ARM.Collect$$libshutdown$$00000007)
    .ARM.Collect$$libshutdown$$0000000A      0x08000288   Section        0  libshutdown2.o(.ARM.Collect$$libshutdown$$0000000A)
    .ARM.Collect$$libshutdown$$0000000C      0x08000288   Section        0  libshutdown2.o(.ARM.Collect$$libshutdown$$0000000C)
    .ARM.Collect$$libshutdown$$0000000F      0x08000288   Section        0  libshutdown2.o(.ARM.Collect$$libshutdown$$0000000F)
    .ARM.Collect$$libshutdown$$00000010      0x08000288   Section        2  libshutdown2.o(.ARM.Collect$$libshutdown$$00000010)
    .ARM.Collect$$rtentry$$00000000          0x0800028a   Section        0  __rtentry.o(.ARM.Collect$$rtentry$$00000000)
    .ARM.Collect$$rtentry$$00000002          0x0800028a   Section        0  __rtentry2.o(.ARM.Collect$$rtentry$$00000002)
    .ARM.Collect$$rtentry$$00000004          0x0800028a   Section        6  __rtentry4.o(.ARM.Collect$$rtentry$$00000004)
    .ARM.Collect$$rtentry$$00000009          0x08000290   Section        0  __rtentry2.o(.ARM.Collect$$rtentry$$00000009)
    .ARM.Collect$$rtentry$$0000000A          0x08000290   Section        4  __rtentry2.o(.ARM.Collect$$rtentry$$0000000A)
    .ARM.Collect$$rtentry$$0000000C          0x08000294   Section        0  __rtentry2.o(.ARM.Collect$$rtentry$$0000000C)
    .ARM.Collect$$rtentry$$0000000D          0x08000294   Section        8  __rtentry2.o(.ARM.Collect$$rtentry$$0000000D)
    .ARM.Collect$$rtexit$$00000000           0x0800029c   Section        2  rtexit.o(.ARM.Collect$$rtexit$$00000000)
    .ARM.Collect$$rtexit$$00000002           0x0800029e   Section        0  rtexit2.o(.ARM.Collect$$rtexit$$00000002)
    .ARM.Collect$$rtexit$$00000003           0x0800029e   Section        4  rtexit2.o(.ARM.Collect$$rtexit$$00000003)
    .ARM.Collect$$rtexit$$00000004           0x080002a2   Section        6  rtexit2.o(.ARM.Collect$$rtexit$$00000004)
    $v0                                      0x080002a8   Number         0  startup_stm32f767xx.o(.text)
    .text                                    0x080002a8   Section       64  startup_stm32f767xx.o(.text)
    .text                                    0x080002e8   Section        0  abort.o(.text)
    .text                                    0x080002fe   Section        0  cxa_atexit.o(.text)
    .text                                    0x08000308   Section        0  heapauxi.o(.text)
    .text                                    0x08000310   Section        0  init_aeabi.o(.text)
    .text                                    0x08000334   Section        0  sys_exit.o(.text)
    .text                                    0x08000340   Section        0  h1_alloc.o(.text)
    .text                                    0x0800039e   Section        0  h1_free.o(.text)
    .text                                    0x080003ec   Section        0  aeabi_atexit.o(.text)
    .text                                    0x0800041a   Section        0  defsig_abrt_outer.o(.text)
    .text                                    0x08000428   Section        2  use_no_semi.o(.text)
    .text                                    0x0800042a   Section        0  indicate_semi.o(.text)
    .text                                    0x0800042c   Section        8  rt_heap_descriptor_intlibspace.o(.text)
    .text                                    0x08000434   Section        8  rt_ddtor_pointer_addr_intlibspace.o(.text)
    .text                                    0x0800043c   Section        0  hguard.o(.text)
    .text                                    0x08000440   Section        0  init_alloc.o(.text)
    .text                                    0x080004ca   Section        0  h1_init.o(.text)
    .text                                    0x080004d8   Section        0  cxa_finalize.o(.text)
    .text                                    0x0800051a   Section        0  defsig_exit.o(.text)
    .text                                    0x08000524   Section        0  defsig_abrt_inner.o(.text)
    .text                                    0x08000554   Section        8  libspace.o(.text)
    .text                                    0x0800055c   Section       74  sys_stackheap_outer.o(.text)
    .text                                    0x080005a6   Section        0  maybetermalloc1.o(.text)
    .text                                    0x080005a6   Section        0  h1_extend.o(.text)
    .text                                    0x080005da   Section        0  exit.o(.text)
    .text                                    0x080005ec   Section        0  defsig_general.o(.text)
    .text                                    0x0800061e   Section        0  defsig_rtmem_outer.o(.text)
    .text                                    0x0800062c   Section        0  sys_wrch.o(.text)
    .text                                    0x0800063c   Section        0  defsig_rtmem_inner.o(.text)
    [Anonymous Symbol]                       0x0800068c   Section        0  system_stm32f7xx.o(.text.SystemInit)
    __arm_cp.0_0                             0x08000698   Number         4  system_stm32f7xx.o(.text.SystemInit)
    [Anonymous Symbol]                       0x0800069c   Section        0  code_limpiador_juntas.o(.text.TIM5_IRQHandler)
    __arm_cp.19_0                            0x080006a8   Number         4  code_limpiador_juntas.o(.text.TIM5_IRQHandler)
    [Anonymous Symbol]                       0x080006ac   Section        0  code_limpiador_juntas.o(.text.USART3_IRQHandler)
    __arm_cp.20_4                            0x08000758   Number         4  code_limpiador_juntas.o(.text.USART3_IRQHandler)
    [Anonymous Symbol]                       0x0800075c   Section        0  code_limpiador_juntas.o(.text.USART6_IRQHandler)
    __arm_cp.22_1                            0x0800080c   Number         4  code_limpiador_juntas.o(.text.USART6_IRQHandler)
    __arm_cp.22_4                            0x08000810   Number         4  code_limpiador_juntas.o(.text.USART6_IRQHandler)
    _GLOBAL__sub_I_Code_Limpiador_Juntas.cpp 0x08000815   Thumb Code    40  code_limpiador_juntas.o(.text._GLOBAL__sub_I_Code_Limpiador_Juntas.cpp)
    [Anonymous Symbol]                       0x08000814   Section        0  code_limpiador_juntas.o(.text._GLOBAL__sub_I_Code_Limpiador_Juntas.cpp)
    __arm_cp.27_0                            0x08000830   Number         4  code_limpiador_juntas.o(.text._GLOBAL__sub_I_Code_Limpiador_Juntas.cpp)
    __arm_cp.27_1                            0x08000834   Number         4  code_limpiador_juntas.o(.text._GLOBAL__sub_I_Code_Limpiador_Juntas.cpp)
    __arm_cp.27_2                            0x08000838   Number         4  code_limpiador_juntas.o(.text._GLOBAL__sub_I_Code_Limpiador_Juntas.cpp)
    [Anonymous Symbol]                       0x0800083c   Section        0  code_limpiador_juntas.o(.text._Z10GPIO_SETUPv)
    __arm_cp.3_0                             0x080008c4   Number         4  code_limpiador_juntas.o(.text._Z10GPIO_SETUPv)
    __arm_cp.3_1                             0x080008c8   Number         4  code_limpiador_juntas.o(.text._Z10GPIO_SETUPv)
    __arm_cp.3_2                             0x080008cc   Number         4  code_limpiador_juntas.o(.text._Z10GPIO_SETUPv)
    __arm_cp.3_3                             0x080008d0   Number         4  code_limpiador_juntas.o(.text._Z10GPIO_SETUPv)
    __arm_cp.3_4                             0x080008d4   Number         4  code_limpiador_juntas.o(.text._Z10GPIO_SETUPv)
    __arm_cp.3_5                             0x080008d8   Number         4  code_limpiador_juntas.o(.text._Z10GPIO_SETUPv)
    [Anonymous Symbol]                       0x080008dc   Section        0  code_limpiador_juntas.o(.text._Z10TIM_Configv)
    __arm_cp.6_0                             0x08000944   Number         4  code_limpiador_juntas.o(.text._Z10TIM_Configv)
    __arm_cp.6_1                             0x08000948   Number         4  code_limpiador_juntas.o(.text._Z10TIM_Configv)
    [Anonymous Symbol]                       0x0800094c   Section        0  code_limpiador_juntas.o(.text._Z11Test_Serialv)
    [Anonymous Symbol]                       0x08000960   Section        0  code_limpiador_juntas.o(.text._Z11USART_SETUPv)
    __arm_cp.5_0                             0x08000990   Number         4  code_limpiador_juntas.o(.text._Z11USART_SETUPv)
    __arm_cp.5_1                             0x08000994   Number         4  code_limpiador_juntas.o(.text._Z11USART_SETUPv)
    __arm_cp.5_2                             0x08000998   Number         4  code_limpiador_juntas.o(.text._Z11USART_SETUPv)
    [Anonymous Symbol]                       0x0800099c   Section        0  code_limpiador_juntas.o(.text._Z11carro_atrasi)
    [Anonymous Symbol]                       0x080009d4   Section        0  code_limpiador_juntas.o(.text._Z12SysTick_Waitj)
    __arm_cp.18_0                            0x080009e8   Number         4  code_limpiador_juntas.o(.text._Z12SysTick_Waitj)
    [Anonymous Symbol]                       0x080009ec   Section        0  code_limpiador_juntas.o(.text._Z14carro_adelantei)
    __arm_cp.11_1                            0x08000a24   Number         4  code_limpiador_juntas.o(.text._Z14carro_adelantei)
    [Anonymous Symbol]                       0x08000a28   Section        0  code_limpiador_juntas.o(.text._Z15SysTick_Wait1msj)
    [Anonymous Symbol]                       0x08000a3c   Section        0  code_limpiador_juntas.o(.text._Z15USART3_SendChari)
    __arm_cp.14_0                            0x08000a4c   Number         4  code_limpiador_juntas.o(.text._Z15USART3_SendChari)
    [Anonymous Symbol]                       0x08000a50   Section        0  code_limpiador_juntas.o(.text._Z15paro_emergenciav)
    __arm_cp.10_0                            0x08000a80   Number         4  code_limpiador_juntas.o(.text._Z15paro_emergenciav)
    [Anonymous Symbol]                       0x08000a84   Section        0  code_limpiador_juntas.o(.text._Z22move_controlled_servosc)
    __arm_cp.17_0                            0x08000af0   Number         4  code_limpiador_juntas.o(.text._Z22move_controlled_servosc)
    __arm_cp.17_1                            0x08000af4   Number         4  code_limpiador_juntas.o(.text._Z22move_controlled_servosc)
    [Anonymous Symbol]                       0x08000af8   Section        0  code_limpiador_juntas.o(.text._Z9RCC_SETUPv)
    __arm_cp.2_0                             0x08000b14   Number         4  code_limpiador_juntas.o(.text._Z9RCC_SETUPv)
    __arm_cp.2_1                             0x08000b18   Number         4  code_limpiador_juntas.o(.text._Z9RCC_SETUPv)
    [Anonymous Symbol]                       0x08000b1c   Section        0  code_limpiador_juntas.o(.text._ZNSt3__112__hash_tableINS_17__hash_value_typeIciEENS_22__unordered_map_hasherIcS2_NS_4hashIcEELb1EEENS_21__unordered_map_equalIcS2_NS_8equal_toIcEELb1EEENS_9allocatorIS2_EEE17__deallocate_nodeEPNS_16__hash_node_baseIPNS_11__hash_nodeIS2_PvEEEE)
    [Anonymous Symbol]                       0x08000b2e   Section        0  code_limpiador_juntas.o(.text._ZNSt3__112__hash_tableINS_17__hash_value_typeIciEENS_22__unordered_map_hasherIcS2_NS_4hashIcEELb1EEENS_21__unordered_map_equalIcS2_NS_8equal_toIcEELb1EEENS_9allocatorIS2_EEE6rehashEj)
    [Anonymous Symbol]                       0x08000bcc   Section        0  code_limpiador_juntas.o(.text._ZNSt3__112__hash_tableINS_17__hash_value_typeIciEENS_22__unordered_map_hasherIcS2_NS_4hashIcEELb1EEENS_21__unordered_map_equalIcS2_NS_8equal_toIcEELb1EEENS_9allocatorIS2_EEE8__rehashEj)
    [Anonymous Symbol]                       0x08000cd8   Section        0  code_limpiador_juntas.o(.text._ZNSt3__112__hash_tableINS_17__hash_value_typeIciEENS_22__unordered_map_hasherIcS2_NS_4hashIcEELb1EEENS_21__unordered_map_equalIcS2_NS_8equal_toIcEELb1EEENS_9allocatorIS2_EEED2Ev)
    [Anonymous Symbol]                       0x08000cf4   Section        0  hash.cpp.o(.text._ZNSt3__112__next_primeEj)
    [Anonymous Symbol]                       0x0800123e   Section        0  code_limpiador_juntas.o(.text._ZNSt3__113unordered_mapIciNS_4hashIcEENS_8equal_toIcEENS_9allocatorINS_4pairIKciEEEEED2Ev)
    [Anonymous Symbol]                       0x08001242   Section        0  code_limpiador_juntas.o(.text._ZNSt3__113unordered_mapIciNS_4hashIcEENS_8equal_toIcEENS_9allocatorINS_4pairIKciEEEEEixEOc)
    [Anonymous Symbol]                       0x080013a8   Section        0  code_limpiador_juntas.o(.text._ZNSt3__113unordered_mapIciNS_4hashIcEENS_8equal_toIcEENS_9allocatorINS_4pairIKciEEEEEixERS7_)
    [Anonymous Symbol]                       0x0800150e   Section        0  cxa_handlers.cpp.o(.text._ZSt15get_new_handlerv)
    [Anonymous Symbol]                       0x0800151a   Section        0  new.cpp.o(.text._ZdlPv)
    [Anonymous Symbol]                       0x08001520   Section        0  new.cpp.o(.text._Znwj)
    [Anonymous Symbol]                       0x08001548   Section        0  code_limpiador_juntas.o(.text.main)
    __arm_cp.1_0                             0x08001608   Number         4  code_limpiador_juntas.o(.text.main)
    __arm_cp.1_1                             0x0800160c   Number         4  code_limpiador_juntas.o(.text.main)
    __arm_cp.1_2                             0x08001610   Number         4  code_limpiador_juntas.o(.text.main)
    __arm_cp.1_3                             0x08001614   Number         4  code_limpiador_juntas.o(.text.main)
    __arm_cp.1_4                             0x08001618   Number         4  code_limpiador_juntas.o(.text.main)
    __arm_cp.1_5                             0x0800161c   Number         4  code_limpiador_juntas.o(.text.main)
    $v0                                      0x08001620   Number         0  fpinit.o(x$fpl$fpinit)
    x$fpl$fpinit                             0x08001620   Section       26  fpinit.o(x$fpl$fpinit)
    std::__1::<unnamed namespace 1>::small_primes 0x0800163c   Data         192  hash.cpp.o(.rodata._ZNSt3__112_GLOBAL__N_112small_primesE)
    std::__1::<unnamed namespace 1>::indices 0x080016fc   Data         192  hash.cpp.o(.rodata._ZNSt3__112_GLOBAL__N_17indicesE)
    .init_array                              0x080017e0   Section        0  init_aeabi.o(.init_array)
    [Anonymous Symbol]                       0x20020000   Section        0  code_limpiador_juntas.o(.data..L_MergedGlobals)
    .bss                                     0x20020008   Section       96  libspace.o(.bss)
    [Anonymous Symbol]                       0x20020068   Section        0  code_limpiador_juntas.o(.bss..L_MergedGlobals.1)
    Heap_Mem                                 0x20020298   Data         512  startup_stm32f767xx.o(HEAP)
    HEAP                                     0x20020298   Section      512  startup_stm32f767xx.o(HEAP)
    Stack_Mem                                0x20020498   Data        1024  startup_stm32f767xx.o(STACK)
    STACK                                    0x20020498   Section     1024  startup_stm32f767xx.o(STACK)
    __initial_sp                             0x20020898   Data           0  startup_stm32f767xx.o(STACK)

    Global Symbols

    Symbol Name                              Value     Ov Type        Size  Object(Section)

    BuildAttributes$$THM_ISAv4$E$P$D$K$B$S$7EM$VFPv5_D16$PE$PLD8$A:L22UL41UL21$X:L11$S22US41US21$IEEE1$IW$~IW$USESV6$~STKCKD$USESV7$~SHL$OTIME$ROPI$EBA8$UX$STANDARDLIB$REQ8$PRES8$EABIv2 0x00000000   Number         0  anon$$obj.o ABSOLUTE
    __ARM_exceptions_init                     - Undefined Weak Reference
    __alloca_initialize                       - Undefined Weak Reference
    __arm_preinit_                            - Undefined Weak Reference
    __rt_locale                               - Undefined Weak Reference
    __sigvec_lookup                           - Undefined Weak Reference
    __user_heap_extent                        - Undefined Weak Reference
    _atexit_init                              - Undefined Weak Reference
    _call_atexit_fns                          - Undefined Weak Reference
    _clock_init                               - Undefined Weak Reference
    _fp_trap_init                             - Undefined Weak Reference
    _fp_trap_shutdown                         - Undefined Weak Reference
    _get_lc_collate                           - Undefined Weak Reference
    _get_lc_ctype                             - Undefined Weak Reference
    _get_lc_monetary                          - Undefined Weak Reference
    _get_lc_numeric                           - Undefined Weak Reference
    _get_lc_time                              - Undefined Weak Reference
    _getenv_init                              - Undefined Weak Reference
    _handle_redirection                       - Undefined Weak Reference
    _initio                                   - Undefined Weak Reference
    _mutex_acquire                            - Undefined Weak Reference
    _mutex_free                               - Undefined Weak Reference
    _mutex_release                            - Undefined Weak Reference
    _rand_init                                - Undefined Weak Reference
    _signal_finish                            - Undefined Weak Reference
    _signal_init                              - Undefined Weak Reference
    _terminateio                              - Undefined Weak Reference
    __Vectors_Size                           0x000001f8   Number         0  startup_stm32f767xx.o ABSOLUTE
    __Vectors                                0x08000000   Data           4  startup_stm32f767xx.o(RESET)
    __dso_handle                             0x08000000   Number         0  startup_stm32f767xx.o(RESET)
    __Vectors_End                            0x080001f8   Data           0  startup_stm32f767xx.o(RESET)
    __main                                   0x080001f9   Thumb Code     8  __main.o(!!!main)
    __scatterload                            0x08000201   Thumb Code     0  __scatter.o(!!!scatter)
    __scatterload_rt2                        0x08000201   Thumb Code    44  __scatter.o(!!!scatter)
    __scatterload_rt2_thumb_only             0x08000201   Thumb Code     0  __scatter.o(!!!scatter)
    __scatterload_null                       0x0800020f   Thumb Code     0  __scatter.o(!!!scatter)
    __scatterload_copy                       0x08000235   Thumb Code    26  __scatter_copy.o(!!handler_copy)
    __scatterload_zeroinit                   0x08000251   Thumb Code    28  __scatter_zi.o(!!handler_zi)
    __rt_lib_init                            0x0800026d   Thumb Code     0  libinit.o(.ARM.Collect$$libinit$$00000000)
    __rt_lib_init_fp_1                       0x0800026f   Thumb Code     0  libinit2.o(.ARM.Collect$$libinit$$00000001)
    __rt_lib_init_heap_2                     0x08000273   Thumb Code     0  libinit2.o(.ARM.Collect$$libinit$$00000005)
    __rt_lib_init_preinit_1                  0x08000273   Thumb Code     0  libinit2.o(.ARM.Collect$$libinit$$00000004)
    __rt_lib_init_alloca_1                   0x0800027b   Thumb Code     0  libinit2.o(.ARM.Collect$$libinit$$0000002E)
    __rt_lib_init_argv_1                     0x0800027b   Thumb Code     0  libinit2.o(.ARM.Collect$$libinit$$0000002C)
    __rt_lib_init_atexit_1                   0x0800027b   Thumb Code     0  libinit2.o(.ARM.Collect$$libinit$$0000001B)
    __rt_lib_init_clock_1                    0x0800027b   Thumb Code     0  libinit2.o(.ARM.Collect$$libinit$$00000021)
    __rt_lib_init_cpp_2                      0x0800027b   Thumb Code     0  libinit2.o(.ARM.Collect$$libinit$$00000031)
    __rt_lib_init_exceptions_1               0x0800027b   Thumb Code     0  libinit2.o(.ARM.Collect$$libinit$$00000030)
    __rt_lib_init_fp_trap_1                  0x0800027b   Thumb Code     0  libinit2.o(.ARM.Collect$$libinit$$0000001F)
    __rt_lib_init_getenv_1                   0x0800027b   Thumb Code     0  libinit2.o(.ARM.Collect$$libinit$$00000023)
    __rt_lib_init_heap_1                     0x0800027b   Thumb Code     0  libinit2.o(.ARM.Collect$$libinit$$0000000A)
    __rt_lib_init_lc_collate_1               0x0800027b   Thumb Code     0  libinit2.o(.ARM.Collect$$libinit$$00000011)
    __rt_lib_init_lc_ctype_1                 0x0800027b   Thumb Code     0  libinit2.o(.ARM.Collect$$libinit$$00000013)
    __rt_lib_init_lc_monetary_1              0x0800027b   Thumb Code     0  libinit2.o(.ARM.Collect$$libinit$$00000015)
    __rt_lib_init_lc_numeric_1               0x0800027b   Thumb Code     0  libinit2.o(.ARM.Collect$$libinit$$00000017)
    __rt_lib_init_lc_time_1                  0x0800027b   Thumb Code     0  libinit2.o(.ARM.Collect$$libinit$$00000019)
    __rt_lib_init_rand_1                     0x0800027b   Thumb Code     0  libinit2.o(.ARM.Collect$$libinit$$0000000E)
    __rt_lib_init_signal_1                   0x0800027b   Thumb Code     0  libinit2.o(.ARM.Collect$$libinit$$0000001D)
    __rt_lib_init_stdio_1                    0x0800027b   Thumb Code     0  libinit2.o(.ARM.Collect$$libinit$$00000025)
    __rt_lib_init_user_alloc_1               0x0800027b   Thumb Code     0  libinit2.o(.ARM.Collect$$libinit$$0000000C)
    __rt_lib_init_cpp_1                      0x0800027f   Thumb Code     0  libinit2.o(.ARM.Collect$$libinit$$00000032)
    __rt_lib_init_return                     0x0800027f   Thumb Code     0  libinit2.o(.ARM.Collect$$libinit$$00000033)
    __rt_lib_shutdown                        0x08000281   Thumb Code     0  libshutdown.o(.ARM.Collect$$libshutdown$$00000000)
    __rt_lib_shutdown_cpp_2                  0x08000283   Thumb Code     0  libshutdown2.o(.ARM.Collect$$libshutdown$$00000001)
    __rt_lib_shutdown_cpp_1                  0x08000289   Thumb Code     0  libshutdown2.o(.ARM.Collect$$libshutdown$$00000002)
    __rt_lib_shutdown_fp_trap_1              0x08000289   Thumb Code     0  libshutdown2.o(.ARM.Collect$$libshutdown$$00000007)
    __rt_lib_shutdown_heap_1                 0x08000289   Thumb Code     0  libshutdown2.o(.ARM.Collect$$libshutdown$$0000000F)
    __rt_lib_shutdown_return                 0x08000289   Thumb Code     0  libshutdown2.o(.ARM.Collect$$libshutdown$$00000010)
    __rt_lib_shutdown_signal_1               0x08000289   Thumb Code     0  libshutdown2.o(.ARM.Collect$$libshutdown$$0000000A)
    __rt_lib_shutdown_stdio_1                0x08000289   Thumb Code     0  libshutdown2.o(.ARM.Collect$$libshutdown$$00000004)
    __rt_lib_shutdown_user_alloc_1           0x08000289   Thumb Code     0  libshutdown2.o(.ARM.Collect$$libshutdown$$0000000C)
    __rt_entry                               0x0800028b   Thumb Code     0  __rtentry.o(.ARM.Collect$$rtentry$$00000000)
    __rt_entry_presh_1                       0x0800028b   Thumb Code     0  __rtentry2.o(.ARM.Collect$$rtentry$$00000002)
    __rt_entry_sh                            0x0800028b   Thumb Code     0  __rtentry4.o(.ARM.Collect$$rtentry$$00000004)
    __rt_entry_li                            0x08000291   Thumb Code     0  __rtentry2.o(.ARM.Collect$$rtentry$$0000000A)
    __rt_entry_postsh_1                      0x08000291   Thumb Code     0  __rtentry2.o(.ARM.Collect$$rtentry$$00000009)
    __rt_entry_main                          0x08000295   Thumb Code     0  __rtentry2.o(.ARM.Collect$$rtentry$$0000000D)
    __rt_entry_postli_1                      0x08000295   Thumb Code     0  __rtentry2.o(.ARM.Collect$$rtentry$$0000000C)
    __rt_exit                                0x0800029d   Thumb Code     0  rtexit.o(.ARM.Collect$$rtexit$$00000000)
    __rt_exit_ls                             0x0800029f   Thumb Code     0  rtexit2.o(.ARM.Collect$$rtexit$$00000003)
    __rt_exit_prels_1                        0x0800029f   Thumb Code     0  rtexit2.o(.ARM.Collect$$rtexit$$00000002)
    __rt_exit_exit                           0x080002a3   Thumb Code     0  rtexit2.o(.ARM.Collect$$rtexit$$00000004)
    Reset_Handler                            0x080002a9   Thumb Code     8  startup_stm32f767xx.o(.text)
    NMI_Handler                              0x080002b1   Thumb Code     2  startup_stm32f767xx.o(.text)
    HardFault_Handler                        0x080002b3   Thumb Code     2  startup_stm32f767xx.o(.text)
    MemManage_Handler                        0x080002b5   Thumb Code     2  startup_stm32f767xx.o(.text)
    BusFault_Handler                         0x080002b7   Thumb Code     2  startup_stm32f767xx.o(.text)
    UsageFault_Handler                       0x080002b9   Thumb Code     2  startup_stm32f767xx.o(.text)
    SVC_Handler                              0x080002bb   Thumb Code     2  startup_stm32f767xx.o(.text)
    DebugMon_Handler                         0x080002bd   Thumb Code     2  startup_stm32f767xx.o(.text)
    PendSV_Handler                           0x080002bf   Thumb Code     2  startup_stm32f767xx.o(.text)
    SysTick_Handler                          0x080002c1   Thumb Code     2  startup_stm32f767xx.o(.text)
    ADC_IRQHandler                           0x080002c3   Thumb Code     0  startup_stm32f767xx.o(.text)
    CAN1_RX0_IRQHandler                      0x080002c3   Thumb Code     0  startup_stm32f767xx.o(.text)
    CAN1_RX1_IRQHandler                      0x080002c3   Thumb Code     0  startup_stm32f767xx.o(.text)
    CAN1_SCE_IRQHandler                      0x080002c3   Thumb Code     0  startup_stm32f767xx.o(.text)
    CAN1_TX_IRQHandler                       0x080002c3   Thumb Code     0  startup_stm32f767xx.o(.text)
    CAN2_RX0_IRQHandler                      0x080002c3   Thumb Code     0  startup_stm32f767xx.o(.text)
    CAN2_RX1_IRQHandler                      0x080002c3   Thumb Code     0  startup_stm32f767xx.o(.text)
    CAN2_SCE_IRQHandler                      0x080002c3   Thumb Code     0  startup_stm32f767xx.o(.text)
    CAN2_TX_IRQHandler                       0x080002c3   Thumb Code     0  startup_stm32f767xx.o(.text)
    CAN3_RX0_IRQHandler                      0x080002c3   Thumb Code     0  startup_stm32f767xx.o(.text)
    CAN3_RX1_IRQHandler                      0x080002c3   Thumb Code     0  startup_stm32f767xx.o(.text)
    CAN3_SCE_IRQHandler                      0x080002c3   Thumb Code     0  startup_stm32f767xx.o(.text)
    CAN3_TX_IRQHandler                       0x080002c3   Thumb Code     0  startup_stm32f767xx.o(.text)
    CEC_IRQHandler                           0x080002c3   Thumb Code     0  startup_stm32f767xx.o(.text)
    DCMI_IRQHandler                          0x080002c3   Thumb Code     0  startup_stm32f767xx.o(.text)
    DFSDM1_FLT0_IRQHandler                   0x080002c3   Thumb Code     0  startup_stm32f767xx.o(.text)
    DFSDM1_FLT1_IRQHandler                   0x080002c3   Thumb Code     0  startup_stm32f767xx.o(.text)
    DFSDM1_FLT2_IRQHandler                   0x080002c3   Thumb Code     0  startup_stm32f767xx.o(.text)
    DFSDM1_FLT3_IRQHandler                   0x080002c3   Thumb Code     0  startup_stm32f767xx.o(.text)
    DMA1_Stream0_IRQHandler                  0x080002c3   Thumb Code     0  startup_stm32f767xx.o(.text)
    DMA1_Stream1_IRQHandler                  0x080002c3   Thumb Code     0  startup_stm32f767xx.o(.text)
    DMA1_Stream2_IRQHandler                  0x080002c3   Thumb Code     0  startup_stm32f767xx.o(.text)
    DMA1_Stream3_IRQHandler                  0x080002c3   Thumb Code     0  startup_stm32f767xx.o(.text)
    DMA1_Stream4_IRQHandler                  0x080002c3   Thumb Code     0  startup_stm32f767xx.o(.text)
    DMA1_Stream5_IRQHandler                  0x080002c3   Thumb Code     0  startup_stm32f767xx.o(.text)
    DMA1_Stream6_IRQHandler                  0x080002c3   Thumb Code     0  startup_stm32f767xx.o(.text)
    DMA1_Stream7_IRQHandler                  0x080002c3   Thumb Code     0  startup_stm32f767xx.o(.text)
    DMA2D_IRQHandler                         0x080002c3   Thumb Code     0  startup_stm32f767xx.o(.text)
    DMA2_Stream0_IRQHandler                  0x080002c3   Thumb Code     0  startup_stm32f767xx.o(.text)
    DMA2_Stream1_IRQHandler                  0x080002c3   Thumb Code     0  startup_stm32f767xx.o(.text)
    DMA2_Stream2_IRQHandler                  0x080002c3   Thumb Code     0  startup_stm32f767xx.o(.text)
    DMA2_Stream3_IRQHandler                  0x080002c3   Thumb Code     0  startup_stm32f767xx.o(.text)
    DMA2_Stream4_IRQHandler                  0x080002c3   Thumb Code     0  startup_stm32f767xx.o(.text)
    DMA2_Stream5_IRQHandler                  0x080002c3   Thumb Code     0  startup_stm32f767xx.o(.text)
    DMA2_Stream6_IRQHandler                  0x080002c3   Thumb Code     0  startup_stm32f767xx.o(.text)
    DMA2_Stream7_IRQHandler                  0x080002c3   Thumb Code     0  startup_stm32f767xx.o(.text)
    ETH_IRQHandler                           0x080002c3   Thumb Code     0  startup_stm32f767xx.o(.text)
    ETH_WKUP_IRQHandler                      0x080002c3   Thumb Code     0  startup_stm32f767xx.o(.text)
    EXTI0_IRQHandler                         0x080002c3   Thumb Code     0  startup_stm32f767xx.o(.text)
    EXTI15_10_IRQHandler                     0x080002c3   Thumb Code     0  startup_stm32f767xx.o(.text)
    EXTI1_IRQHandler                         0x080002c3   Thumb Code     0  startup_stm32f767xx.o(.text)
    EXTI2_IRQHandler                         0x080002c3   Thumb Code     0  startup_stm32f767xx.o(.text)
    EXTI3_IRQHandler                         0x080002c3   Thumb Code     0  startup_stm32f767xx.o(.text)
    EXTI4_IRQHandler                         0x080002c3   Thumb Code     0  startup_stm32f767xx.o(.text)
    EXTI9_5_IRQHandler                       0x080002c3   Thumb Code     0  startup_stm32f767xx.o(.text)
    FLASH_IRQHandler                         0x080002c3   Thumb Code     0  startup_stm32f767xx.o(.text)
    FMC_IRQHandler                           0x080002c3   Thumb Code     0  startup_stm32f767xx.o(.text)
    FPU_IRQHandler                           0x080002c3   Thumb Code     0  startup_stm32f767xx.o(.text)
    I2C1_ER_IRQHandler                       0x080002c3   Thumb Code     0  startup_stm32f767xx.o(.text)
    I2C1_EV_IRQHandler                       0x080002c3   Thumb Code     0  startup_stm32f767xx.o(.text)
    I2C2_ER_IRQHandler                       0x080002c3   Thumb Code     0  startup_stm32f767xx.o(.text)
    I2C2_EV_IRQHandler                       0x080002c3   Thumb Code     0  startup_stm32f767xx.o(.text)
    I2C3_ER_IRQHandler                       0x080002c3   Thumb Code     0  startup_stm32f767xx.o(.text)
    I2C3_EV_IRQHandler                       0x080002c3   Thumb Code     0  startup_stm32f767xx.o(.text)
    I2C4_ER_IRQHandler                       0x080002c3   Thumb Code     0  startup_stm32f767xx.o(.text)
    I2C4_EV_IRQHandler                       0x080002c3   Thumb Code     0  startup_stm32f767xx.o(.text)
    JPEG_IRQHandler                          0x080002c3   Thumb Code     0  startup_stm32f767xx.o(.text)
    LPTIM1_IRQHandler                        0x080002c3   Thumb Code     0  startup_stm32f767xx.o(.text)
    LTDC_ER_IRQHandler                       0x080002c3   Thumb Code     0  startup_stm32f767xx.o(.text)
    LTDC_IRQHandler                          0x080002c3   Thumb Code     0  startup_stm32f767xx.o(.text)
    MDIOS_IRQHandler                         0x080002c3   Thumb Code     0  startup_stm32f767xx.o(.text)
    OTG_FS_IRQHandler                        0x080002c3   Thumb Code     0  startup_stm32f767xx.o(.text)
    OTG_FS_WKUP_IRQHandler                   0x080002c3   Thumb Code     0  startup_stm32f767xx.o(.text)
    OTG_HS_EP1_IN_IRQHandler                 0x080002c3   Thumb Code     0  startup_stm32f767xx.o(.text)
    OTG_HS_EP1_OUT_IRQHandler                0x080002c3   Thumb Code     0  startup_stm32f767xx.o(.text)
    OTG_HS_IRQHandler                        0x080002c3   Thumb Code     0  startup_stm32f767xx.o(.text)
    OTG_HS_WKUP_IRQHandler                   0x080002c3   Thumb Code     0  startup_stm32f767xx.o(.text)
    PVD_IRQHandler                           0x080002c3   Thumb Code     0  startup_stm32f767xx.o(.text)
    QUADSPI_IRQHandler                       0x080002c3   Thumb Code     0  startup_stm32f767xx.o(.text)
    RCC_IRQHandler                           0x080002c3   Thumb Code     0  startup_stm32f767xx.o(.text)
    RNG_IRQHandler                           0x080002c3   Thumb Code     0  startup_stm32f767xx.o(.text)
    RTC_Alarm_IRQHandler                     0x080002c3   Thumb Code     0  startup_stm32f767xx.o(.text)
    RTC_WKUP_IRQHandler                      0x080002c3   Thumb Code     0  startup_stm32f767xx.o(.text)
    SAI1_IRQHandler                          0x080002c3   Thumb Code     0  startup_stm32f767xx.o(.text)
    SAI2_IRQHandler                          0x080002c3   Thumb Code     0  startup_stm32f767xx.o(.text)
    SDMMC1_IRQHandler                        0x080002c3   Thumb Code     0  startup_stm32f767xx.o(.text)
    SDMMC2_IRQHandler                        0x080002c3   Thumb Code     0  startup_stm32f767xx.o(.text)
    SPDIF_RX_IRQHandler                      0x080002c3   Thumb Code     0  startup_stm32f767xx.o(.text)
    SPI1_IRQHandler                          0x080002c3   Thumb Code     0  startup_stm32f767xx.o(.text)
    SPI2_IRQHandler                          0x080002c3   Thumb Code     0  startup_stm32f767xx.o(.text)
    SPI3_IRQHandler                          0x080002c3   Thumb Code     0  startup_stm32f767xx.o(.text)
    SPI4_IRQHandler                          0x080002c3   Thumb Code     0  startup_stm32f767xx.o(.text)
    SPI5_IRQHandler                          0x080002c3   Thumb Code     0  startup_stm32f767xx.o(.text)
    SPI6_IRQHandler                          0x080002c3   Thumb Code     0  startup_stm32f767xx.o(.text)
    TAMP_STAMP_IRQHandler                    0x080002c3   Thumb Code     0  startup_stm32f767xx.o(.text)
    TIM1_BRK_TIM9_IRQHandler                 0x080002c3   Thumb Code     0  startup_stm32f767xx.o(.text)
    TIM1_CC_IRQHandler                       0x080002c3   Thumb Code     0  startup_stm32f767xx.o(.text)
    TIM1_TRG_COM_TIM11_IRQHandler            0x080002c3   Thumb Code     0  startup_stm32f767xx.o(.text)
    TIM1_UP_TIM10_IRQHandler                 0x080002c3   Thumb Code     0  startup_stm32f767xx.o(.text)
    TIM2_IRQHandler                          0x080002c3   Thumb Code     0  startup_stm32f767xx.o(.text)
    TIM3_IRQHandler                          0x080002c3   Thumb Code     0  startup_stm32f767xx.o(.text)
    TIM4_IRQHandler                          0x080002c3   Thumb Code     0  startup_stm32f767xx.o(.text)
    TIM6_DAC_IRQHandler                      0x080002c3   Thumb Code     0  startup_stm32f767xx.o(.text)
    TIM7_IRQHandler                          0x080002c3   Thumb Code     0  startup_stm32f767xx.o(.text)
    TIM8_BRK_TIM12_IRQHandler                0x080002c3   Thumb Code     0  startup_stm32f767xx.o(.text)
    TIM8_CC_IRQHandler                       0x080002c3   Thumb Code     0  startup_stm32f767xx.o(.text)
    TIM8_TRG_COM_TIM14_IRQHandler            0x080002c3   Thumb Code     0  startup_stm32f767xx.o(.text)
    TIM8_UP_TIM13_IRQHandler                 0x080002c3   Thumb Code     0  startup_stm32f767xx.o(.text)
    UART4_IRQHandler                         0x080002c3   Thumb Code     0  startup_stm32f767xx.o(.text)
    UART5_IRQHandler                         0x080002c3   Thumb Code     0  startup_stm32f767xx.o(.text)
    UART7_IRQHandler                         0x080002c3   Thumb Code     0  startup_stm32f767xx.o(.text)
    UART8_IRQHandler                         0x080002c3   Thumb Code     0  startup_stm32f767xx.o(.text)
    USART1_IRQHandler                        0x080002c3   Thumb Code     0  startup_stm32f767xx.o(.text)
    USART2_IRQHandler                        0x080002c3   Thumb Code     0  startup_stm32f767xx.o(.text)
    WWDG_IRQHandler                          0x080002c3   Thumb Code     0  startup_stm32f767xx.o(.text)
    __user_initial_stackheap                 0x080002c5   Thumb Code     0  startup_stm32f767xx.o(.text)
    abort                                    0x080002e9   Thumb Code    22  abort.o(.text)
    __cxa_atexit                             0x080002ff   Thumb Code    10  cxa_atexit.o(.text)
    __use_two_region_memory                  0x08000309   Thumb Code     2  heapauxi.o(.text)
    __rt_heap_escrow                         0x0800030b   Thumb Code     2  heapauxi.o(.text)
    __rt_heap_expand                         0x0800030d   Thumb Code     2  heapauxi.o(.text)
    __cpp_initialize__aeabi_                 0x08000311   Thumb Code    28  init_aeabi.o(.text)
    _sys_exit                                0x08000335   Thumb Code     8  sys_exit.o(.text)
    malloc                                   0x08000341   Thumb Code    94  h1_alloc.o(.text)
    free                                     0x0800039f   Thumb Code    78  h1_free.o(.text)
    __aeabi_atexit                           0x080003ed   Thumb Code    46  aeabi_atexit.o(.text)
    __rt_SIGABRT                             0x0800041b   Thumb Code    14  defsig_abrt_outer.o(.text)
    __I$use$semihosting                      0x08000429   Thumb Code     0  use_no_semi.o(.text)
    __use_no_semihosting_swi                 0x08000429   Thumb Code     2  use_no_semi.o(.text)
    __semihosting_library_function           0x0800042b   Thumb Code     0  indicate_semi.o(.text)
    __rt_heap_descriptor                     0x0800042d   Thumb Code     8  rt_heap_descriptor_intlibspace.o(.text)
    __rt_ddtor_pointer_addr                  0x08000435   Thumb Code     8  rt_ddtor_pointer_addr_intlibspace.o(.text)
    __use_no_heap                            0x0800043d   Thumb Code     2  hguard.o(.text)
    __heap$guard                             0x0800043f   Thumb Code     2  hguard.o(.text)
    _terminate_user_alloc                    0x08000441   Thumb Code     2  init_alloc.o(.text)
    _init_user_alloc                         0x08000443   Thumb Code     2  init_alloc.o(.text)
    __Heap_Full                              0x08000445   Thumb Code    34  init_alloc.o(.text)
    __Heap_Broken                            0x08000467   Thumb Code     6  init_alloc.o(.text)
    _init_alloc                              0x0800046d   Thumb Code    94  init_alloc.o(.text)
    __Heap_Initialize                        0x080004cb   Thumb Code    10  h1_init.o(.text)
    __Heap_DescSize                          0x080004d5   Thumb Code     4  h1_init.o(.text)
    __cxa_finalize                           0x080004d9   Thumb Code    66  cxa_finalize.o(.text)
    __sig_exit                               0x0800051b   Thumb Code    10  defsig_exit.o(.text)
    __rt_SIGABRT_inner                       0x08000525   Thumb Code    14  defsig_abrt_inner.o(.text)
    __user_libspace                          0x08000555   Thumb Code     8  libspace.o(.text)
    __user_perproc_libspace                  0x08000555   Thumb Code     0  libspace.o(.text)
    __user_perthread_libspace                0x08000555   Thumb Code     0  libspace.o(.text)
    __user_setup_stackheap                   0x0800055d   Thumb Code    74  sys_stackheap_outer.o(.text)
    __Heap_ProvideMemory                     0x080005a7   Thumb Code    52  h1_extend.o(.text)
    _maybe_terminate_alloc                   0x080005a7   Thumb Code     0  maybetermalloc1.o(.text)
    exit                                     0x080005db   Thumb Code    18  exit.o(.text)
    __default_signal_display                 0x080005ed   Thumb Code    50  defsig_general.o(.text)
    __rt_SIGRTMEM                            0x0800061f   Thumb Code    14  defsig_rtmem_outer.o(.text)
    _ttywrch                                 0x0800062d   Thumb Code    14  sys_wrch.o(.text)
    __rt_SIGRTMEM_inner                      0x0800063d   Thumb Code    22  defsig_rtmem_inner.o(.text)
    SystemInit                               0x0800068d   Thumb Code    16  system_stm32f7xx.o(.text.SystemInit)
    TIM5_IRQHandler                          0x0800069d   Thumb Code    16  code_limpiador_juntas.o(.text.TIM5_IRQHandler)
    USART3_IRQHandler                        0x080006ad   Thumb Code   176  code_limpiador_juntas.o(.text.USART3_IRQHandler)
    USART6_IRQHandler                        0x0800075d   Thumb Code   184  code_limpiador_juntas.o(.text.USART6_IRQHandler)
    GPIO_SETUP()                             0x0800083d   Thumb Code   160  code_limpiador_juntas.o(.text._Z10GPIO_SETUPv)
    TIM_Config()                             0x080008dd   Thumb Code   112  code_limpiador_juntas.o(.text._Z10TIM_Configv)
    Test_Serial()                            0x0800094d   Thumb Code    20  code_limpiador_juntas.o(.text._Z11Test_Serialv)
    USART_SETUP()                            0x08000961   Thumb Code    60  code_limpiador_juntas.o(.text._Z11USART_SETUPv)
    carro_atras(int)                         0x0800099d   Thumb Code    56  code_limpiador_juntas.o(.text._Z11carro_atrasi)
    SysTick_Wait(unsigned)                   0x080009d5   Thumb Code    24  code_limpiador_juntas.o(.text._Z12SysTick_Waitj)
    carro_adelante(int)                      0x080009ed   Thumb Code    60  code_limpiador_juntas.o(.text._Z14carro_adelantei)
    SysTick_Wait1ms(unsigned)                0x08000a29   Thumb Code    20  code_limpiador_juntas.o(.text._Z15SysTick_Wait1msj)
    USART3_SendChar(int)                     0x08000a3d   Thumb Code    20  code_limpiador_juntas.o(.text._Z15USART3_SendChari)
    paro_emergencia()                        0x08000a51   Thumb Code    52  code_limpiador_juntas.o(.text._Z15paro_emergenciav)
    move_controlled_servos(char)             0x08000a85   Thumb Code   116  code_limpiador_juntas.o(.text._Z22move_controlled_servosc)
    RCC_SETUP()                              0x08000af9   Thumb Code    36  code_limpiador_juntas.o(.text._Z9RCC_SETUPv)
    std::__1::__hash_table<std::__1::__hash_value_type<char, int>, std::__1::__unordered_map_hasher<char, std::__1::__hash_value_type<char, int>, std::__1::hash<char>, (bool)1>, std::__1::__unordered_map_equal<char, std::__1::__hash_value_type<char, int>, std::__1::equal_to<char>, (bool)1>, std::__1::allocator<std::__1::__hash_value_type<char, int>>>::__deallocate_node(std::__1::__hash_node_base<std::__1::__hash_node<std::__1::__hash_value_type<char, int>, void*>*>*) 0x08000b1d   Thumb Code    18  code_limpiador_juntas.o(.text._ZNSt3__112__hash_tableINS_17__hash_value_typeIciEENS_22__unordered_map_hasherIcS2_NS_4hashIcEELb1EEENS_21__unordered_map_equalIcS2_NS_8equal_toIcEELb1EEENS_9allocatorIS2_EEE17__deallocate_nodeEPNS_16__hash_node_baseIPNS_11__hash_nodeIS2_PvEEEE)
    std::__1::__hash_table<std::__1::__hash_value_type<char, int>, std::__1::__unordered_map_hasher<char, std::__1::__hash_value_type<char, int>, std::__1::hash<char>, (bool)1>, std::__1::__unordered_map_equal<char, std::__1::__hash_value_type<char, int>, std::__1::equal_to<char>, (bool)1>, std::__1::allocator<std::__1::__hash_value_type<char, int>>>::rehash(unsigned) 0x08000b2f   Thumb Code   158  code_limpiador_juntas.o(.text._ZNSt3__112__hash_tableINS_17__hash_value_typeIciEENS_22__unordered_map_hasherIcS2_NS_4hashIcEELb1EEENS_21__unordered_map_equalIcS2_NS_8equal_toIcEELb1EEENS_9allocatorIS2_EEE6rehashEj)
    std::__1::__hash_table<std::__1::__hash_value_type<char, int>, std::__1::__unordered_map_hasher<char, std::__1::__hash_value_type<char, int>, std::__1::hash<char>, (bool)1>, std::__1::__unordered_map_equal<char, std::__1::__hash_value_type<char, int>, std::__1::equal_to<char>, (bool)1>, std::__1::allocator<std::__1::__hash_value_type<char, int>>>::__rehash(unsigned) 0x08000bcd   Thumb Code   268  code_limpiador_juntas.o(.text._ZNSt3__112__hash_tableINS_17__hash_value_typeIciEENS_22__unordered_map_hasherIcS2_NS_4hashIcEELb1EEENS_21__unordered_map_equalIcS2_NS_8equal_toIcEELb1EEENS_9allocatorIS2_EEE8__rehashEj)
    std::__1::__hash_table<std::__1::__hash_value_type<char, int>, std::__1::__unordered_map_hasher<char, std::__1::__hash_value_type<char, int>, std::__1::hash<char>, (bool)1>, std::__1::__unordered_map_equal<char, std::__1::__hash_value_type<char, int>, std::__1::equal_to<char>, (bool)1>, std::__1::allocator<std::__1::__hash_value_type<char, int>>>::~__hash_table__sub_object() 0x08000cd9   Thumb Code    26  code_limpiador_juntas.o(.text._ZNSt3__112__hash_tableINS_17__hash_value_typeIciEENS_22__unordered_map_hasherIcS2_NS_4hashIcEELb1EEENS_21__unordered_map_equalIcS2_NS_8equal_toIcEELb1EEENS_9allocatorIS2_EEED2Ev)
    std::__1::__next_prime(unsigned)         0x08000cf5   Thumb Code  1354  hash.cpp.o(.text._ZNSt3__112__next_primeEj)
    std::__1::unordered_map<char, int, std::__1::hash<char>, std::__1::equal_to<char>, std::__1::allocator<std::__1::pair<const char, int>>>::~unordered_map__sub_object() 0x0800123f   Thumb Code     4  code_limpiador_juntas.o(.text._ZNSt3__113unordered_mapIciNS_4hashIcEENS_8equal_toIcEENS_9allocatorINS_4pairIKciEEEEED2Ev)
    std::__1::unordered_map<char, int, std::__1::hash<char>, std::__1::equal_to<char>, std::__1::allocator<std::__1::pair<const char, int>>>::operator [](char&&) 0x08001243   Thumb Code   358  code_limpiador_juntas.o(.text._ZNSt3__113unordered_mapIciNS_4hashIcEENS_8equal_toIcEENS_9allocatorINS_4pairIKciEEEEEixEOc)
    std::__1::unordered_map<char, int, std::__1::hash<char>, std::__1::equal_to<char>, std::__1::allocator<std::__1::pair<const char, int>>>::operator [](const char&) 0x080013a9   Thumb Code   358  code_limpiador_juntas.o(.text._ZNSt3__113unordered_mapIciNS_4hashIcEENS_8equal_toIcEENS_9allocatorINS_4pairIKciEEEEEixERS7_)
    std::get_new_handler()                   0x0800150f   Thumb Code    12  cxa_handlers.cpp.o(.text._ZSt15get_new_handlerv)
    operator delete (void*)                  0x0800151b   Thumb Code     4  new.cpp.o(.text._ZdlPv)
    operator new(unsigned)                   0x08001521   Thumb Code    38  new.cpp.o(.text._Znwj)
    main                                     0x08001549   Thumb Code   216  code_limpiador_juntas.o(.text.main)
    _fp_init                                 0x08001621   Thumb Code    26  fpinit.o(x$fpl$fpinit)
    __fplib_config_fpu_vfp                   0x08001639   Thumb Code     0  fpinit.o(x$fpl$fpinit)
    __fplib_config_pureend_doubles           0x08001639   Thumb Code     0  fpinit.o(x$fpl$fpinit)
    Region$$Table$$Base                      0x080017bc   Number         0  anon$$obj.o(Region$$Table)
    Region$$Table$$Limit                     0x080017dc   Number         0  anon$$obj.o(Region$$Table)
    SHT$$INIT_ARRAY$$Base                    0x080017dc   Number         0  code_limpiador_juntas.o(.init_array)
    SHT$$INIT_ARRAY$$Limit                   0x080017e0   Number         0  init_aeabi.o(.init_array)
    contador_servo1                          0x20020000   Data           4  code_limpiador_juntas.o(.data..L_MergedGlobals)
    contador_servo2                          0x20020004   Data           4  code_limpiador_juntas.o(.data..L_MergedGlobals)
    __libspace_start                         0x20020008   Data          96  libspace.o(.bss)
    __temporary_stack_top$libspace           0x20020068   Data           0  libspace.o(.bss)
    in_adelante                              0x20020068   Data           4  code_limpiador_juntas.o(.bss..L_MergedGlobals.1)
    in_atras                                 0x2002006c   Data           4  code_limpiador_juntas.o(.bss..L_MergedGlobals.1)
    in_E_stop                                0x20020070   Data           4  code_limpiador_juntas.o(.bss..L_MergedGlobals.1)
    i_rx                                     0x20020074   Data           4  code_limpiador_juntas.o(.bss..L_MergedGlobals.1)
    i_rx2                                    0x20020078   Data           4  code_limpiador_juntas.o(.bss..L_MergedGlobals.1)
    potePWM                                  0x2002007c   Data          20  code_limpiador_juntas.o(.bss..L_MergedGlobals.1)
    __cxa_new_handler                        0x20020090   Data           4  cxa_handlers.cpp.o(.bss.__cxa_new_handler)
    buffer                                   0x20020094   Data         256  code_limpiador_juntas.o(.bss.buffer)
    buffer2                                  0x20020194   Data         256  code_limpiador_juntas.o(.bss.buffer2)



==============================================================================

Memory Map of the image

  Image Entry point : 0x080002a9

  Load Region LR_1 (Base: 0x08000000, Size: 0x000017e8, Max: 0xffffffff, ABSOLUTE)

    Execution Region ER_RO (Exec base: 0x08000000, Load base: 0x08000000, Size: 0x000017e0, Max: 0xffffffff, ABSOLUTE)

    Exec Addr    Load Addr    Size         Type   Attr      Idx    E Section Name        Object

    0x08000000   0x08000000   0x000001f8   Data   RO           74    RESET               startup_stm32f767xx.o
    0x080001f8   0x080001f8   0x00000008   Code   RO          107  * !!!main             c_w.l(__main.o)
    0x08000200   0x08000200   0x00000034   Code   RO          490    !!!scatter          c_w.l(__scatter.o)
    0x08000234   0x08000234   0x0000001a   Code   RO          492    !!handler_copy      c_w.l(__scatter_copy.o)
    0x0800024e   0x0800024e   0x00000002   PAD
    0x08000250   0x08000250   0x0000001c   Code   RO          494    !!handler_zi        c_w.l(__scatter_zi.o)
    0x0800026c   0x0800026c   0x00000002   Code   RO          431    .ARM.Collect$$libinit$$00000000  c_w.l(libinit.o)
    0x0800026e   0x0800026e   0x00000004   Code   RO          247    .ARM.Collect$$libinit$$00000001  c_w.l(libinit2.o)
    0x08000272   0x08000272   0x00000000   Code   RO          250    .ARM.Collect$$libinit$$00000004  c_w.l(libinit2.o)
    0x08000272   0x08000272   0x00000008   Code   RO          251    .ARM.Collect$$libinit$$00000005  c_w.l(libinit2.o)
    0x0800027a   0x0800027a   0x00000000   Code   RO          253    .ARM.Collect$$libinit$$0000000A  c_w.l(libinit2.o)
    0x0800027a   0x0800027a   0x00000000   Code   RO          255    .ARM.Collect$$libinit$$0000000C  c_w.l(libinit2.o)
    0x0800027a   0x0800027a   0x00000000   Code   RO          257    .ARM.Collect$$libinit$$0000000E  c_w.l(libinit2.o)
    0x0800027a   0x0800027a   0x00000000   Code   RO          260    .ARM.Collect$$libinit$$00000011  c_w.l(libinit2.o)
    0x0800027a   0x0800027a   0x00000000   Code   RO          262    .ARM.Collect$$libinit$$00000013  c_w.l(libinit2.o)
    0x0800027a   0x0800027a   0x00000000   Code   RO          264    .ARM.Collect$$libinit$$00000015  c_w.l(libinit2.o)
    0x0800027a   0x0800027a   0x00000000   Code   RO          266    .ARM.Collect$$libinit$$00000017  c_w.l(libinit2.o)
    0x0800027a   0x0800027a   0x00000000   Code   RO          268    .ARM.Collect$$libinit$$00000019  c_w.l(libinit2.o)
    0x0800027a   0x0800027a   0x00000000   Code   RO          270    .ARM.Collect$$libinit$$0000001B  c_w.l(libinit2.o)
    0x0800027a   0x0800027a   0x00000000   Code   RO          272    .ARM.Collect$$libinit$$0000001D  c_w.l(libinit2.o)
    0x0800027a   0x0800027a   0x00000000   Code   RO          274    .ARM.Collect$$libinit$$0000001F  c_w.l(libinit2.o)
    0x0800027a   0x0800027a   0x00000000   Code   RO          276    .ARM.Collect$$libinit$$00000021  c_w.l(libinit2.o)
    0x0800027a   0x0800027a   0x00000000   Code   RO          278    .ARM.Collect$$libinit$$00000023  c_w.l(libinit2.o)
    0x0800027a   0x0800027a   0x00000000   Code   RO          280    .ARM.Collect$$libinit$$00000025  c_w.l(libinit2.o)
    0x0800027a   0x0800027a   0x00000000   Code   RO          284    .ARM.Collect$$libinit$$0000002C  c_w.l(libinit2.o)
    0x0800027a   0x0800027a   0x00000000   Code   RO          286    .ARM.Collect$$libinit$$0000002E  c_w.l(libinit2.o)
    0x0800027a   0x0800027a   0x00000000   Code   RO          288    .ARM.Collect$$libinit$$00000030  c_w.l(libinit2.o)
    0x0800027a   0x0800027a   0x00000004   Code   RO          289    .ARM.Collect$$libinit$$00000031  c_w.l(libinit2.o)
    0x0800027e   0x0800027e   0x00000000   Code   RO          290    .ARM.Collect$$libinit$$00000032  c_w.l(libinit2.o)
    0x0800027e   0x0800027e   0x00000002   Code   RO          291    .ARM.Collect$$libinit$$00000033  c_w.l(libinit2.o)
    0x08000280   0x08000280   0x00000002   Code   RO          487    .ARM.Collect$$libshutdown$$00000000  c_w.l(libshutdown.o)
    0x08000282   0x08000282   0x00000006   Code   RO          432    .ARM.Collect$$libshutdown$$00000001  c_w.l(libshutdown2.o)
    0x08000288   0x08000288   0x00000000   Code   RO          433    .ARM.Collect$$libshutdown$$00000002  c_w.l(libshutdown2.o)
    0x08000288   0x08000288   0x00000000   Code   RO          435    .ARM.Collect$$libshutdown$$00000004  c_w.l(libshutdown2.o)
    0x08000288   0x08000288   0x00000000   Code   RO          438    .ARM.Collect$$libshutdown$$00000007  c_w.l(libshutdown2.o)
    0x08000288   0x08000288   0x00000000   Code   RO          441    .ARM.Collect$$libshutdown$$0000000A  c_w.l(libshutdown2.o)
    0x08000288   0x08000288   0x00000000   Code   RO          443    .ARM.Collect$$libshutdown$$0000000C  c_w.l(libshutdown2.o)
    0x08000288   0x08000288   0x00000000   Code   RO          446    .ARM.Collect$$libshutdown$$0000000F  c_w.l(libshutdown2.o)
    0x08000288   0x08000288   0x00000002   Code   RO          447    .ARM.Collect$$libshutdown$$00000010  c_w.l(libshutdown2.o)
    0x0800028a   0x0800028a   0x00000000   Code   RO          170    .ARM.Collect$$rtentry$$00000000  c_w.l(__rtentry.o)
    0x0800028a   0x0800028a   0x00000000   Code   RO          321    .ARM.Collect$$rtentry$$00000002  c_w.l(__rtentry2.o)
    0x0800028a   0x0800028a   0x00000006   Code   RO          333    .ARM.Collect$$rtentry$$00000004  c_w.l(__rtentry4.o)
    0x08000290   0x08000290   0x00000000   Code   RO          323    .ARM.Collect$$rtentry$$00000009  c_w.l(__rtentry2.o)
    0x08000290   0x08000290   0x00000004   Code   RO          324    .ARM.Collect$$rtentry$$0000000A  c_w.l(__rtentry2.o)
    0x08000294   0x08000294   0x00000000   Code   RO          326    .ARM.Collect$$rtentry$$0000000C  c_w.l(__rtentry2.o)
    0x08000294   0x08000294   0x00000008   Code   RO          327    .ARM.Collect$$rtentry$$0000000D  c_w.l(__rtentry2.o)
    0x0800029c   0x0800029c   0x00000002   Code   RO          452    .ARM.Collect$$rtexit$$00000000  c_w.l(rtexit.o)
    0x0800029e   0x0800029e   0x00000000   Code   RO          461    .ARM.Collect$$rtexit$$00000002  c_w.l(rtexit2.o)
    0x0800029e   0x0800029e   0x00000004   Code   RO          462    .ARM.Collect$$rtexit$$00000003  c_w.l(rtexit2.o)
    0x080002a2   0x080002a2   0x00000006   Code   RO          463    .ARM.Collect$$rtexit$$00000004  c_w.l(rtexit2.o)
    0x080002a8   0x080002a8   0x00000040   Code   RO           75  * .text               startup_stm32f767xx.o
    0x080002e8   0x080002e8   0x00000016   Code   RO           97    .text               c_w.l(abort.o)
    0x080002fe   0x080002fe   0x0000000a   Code   RO          102    .text               c_w.l(cxa_atexit.o)
    0x08000308   0x08000308   0x00000006   Code   RO          105    .text               c_w.l(heapauxi.o)
    0x0800030e   0x0800030e   0x00000002   PAD
    0x08000310   0x08000310   0x00000024   Code   RO          112    .text               c_w.l(init_aeabi.o)
    0x08000334   0x08000334   0x0000000c   Code   RO          166    .text               c_w.l(sys_exit.o)
    0x08000340   0x08000340   0x0000005e   Code   RO          175    .text               c_w.l(h1_alloc.o)
    0x0800039e   0x0800039e   0x0000004e   Code   RO          177    .text               c_w.l(h1_free.o)
    0x080003ec   0x080003ec   0x0000002e   Code   RO          240    .text               c_w.l(aeabi_atexit.o)
    0x0800041a   0x0800041a   0x0000000e   Code   RO          243    .text               c_w.l(defsig_abrt_outer.o)
    0x08000428   0x08000428   0x00000002   Code   RO          315    .text               c_w.l(use_no_semi.o)
    0x0800042a   0x0800042a   0x00000000   Code   RO          319    .text               c_w.l(indicate_semi.o)
    0x0800042a   0x0800042a   0x00000002   PAD
    0x0800042c   0x0800042c   0x00000008   Code   RO          340    .text               c_w.l(rt_heap_descriptor_intlibspace.o)
    0x08000434   0x08000434   0x00000008   Code   RO          345    .text               c_w.l(rt_ddtor_pointer_addr_intlibspace.o)
    0x0800043c   0x0800043c   0x00000004   Code   RO          347    .text               c_w.l(hguard.o)
    0x08000440   0x08000440   0x0000008a   Code   RO          349    .text               c_w.l(init_alloc.o)
    0x080004ca   0x080004ca   0x0000000e   Code   RO          353    .text               c_w.l(h1_init.o)
    0x080004d8   0x080004d8   0x00000042   Code   RO          365    .text               c_w.l(cxa_finalize.o)
    0x0800051a   0x0800051a   0x0000000a   Code   RO          368    .text               c_w.l(defsig_exit.o)
    0x08000524   0x08000524   0x00000030   Code   RO          370    .text               c_w.l(defsig_abrt_inner.o)
    0x08000554   0x08000554   0x00000008   Code   RO          396    .text               c_w.l(libspace.o)
    0x0800055c   0x0800055c   0x0000004a   Code   RO          399    .text               c_w.l(sys_stackheap_outer.o)
    0x080005a6   0x080005a6   0x00000000   Code   RO          403    .text               c_w.l(maybetermalloc1.o)
    0x080005a6   0x080005a6   0x00000034   Code   RO          405    .text               c_w.l(h1_extend.o)
    0x080005da   0x080005da   0x00000012   Code   RO          409    .text               c_w.l(exit.o)
    0x080005ec   0x080005ec   0x00000032   Code   RO          413    .text               c_w.l(defsig_general.o)
    0x0800061e   0x0800061e   0x0000000e   Code   RO          415    .text               c_w.l(defsig_rtmem_outer.o)
    0x0800062c   0x0800062c   0x0000000e   Code   RO          448    .text               c_w.l(sys_wrch.o)
    0x0800063a   0x0800063a   0x00000002   PAD
    0x0800063c   0x0800063c   0x00000050   Code   RO          456    .text               c_w.l(defsig_rtmem_inner.o)
    0x0800068c   0x0800068c   0x00000010   Code   RO           81    .text.SystemInit    system_stm32f7xx.o
    0x0800069c   0x0800069c   0x00000010   Code   RO           36    .text.TIM5_IRQHandler  code_limpiador_juntas.o
    0x080006ac   0x080006ac   0x000000b0   Code   RO           38    .text.USART3_IRQHandler  code_limpiador_juntas.o
    0x0800075c   0x0800075c   0x000000b8   Code   RO           40    .text.USART6_IRQHandler  code_limpiador_juntas.o
    0x08000814   0x08000814   0x00000028   Code   RO           42    .text._GLOBAL__sub_I_Code_Limpiador_Juntas.cpp  code_limpiador_juntas.o
    0x0800083c   0x0800083c   0x000000a0   Code   RO            6    .text._Z10GPIO_SETUPv  code_limpiador_juntas.o
    0x080008dc   0x080008dc   0x00000070   Code   RO           12    .text._Z10TIM_Configv  code_limpiador_juntas.o
    0x0800094c   0x0800094c   0x00000014   Code   RO           16    .text._Z11Test_Serialv  code_limpiador_juntas.o
    0x08000960   0x08000960   0x0000003c   Code   RO           10    .text._Z11USART_SETUPv  code_limpiador_juntas.o
    0x0800099c   0x0800099c   0x00000038   Code   RO           22    .text._Z11carro_atrasi  code_limpiador_juntas.o
    0x080009d4   0x080009d4   0x00000018   Code   RO           34    .text._Z12SysTick_Waitj  code_limpiador_juntas.o
    0x080009ec   0x080009ec   0x0000003c   Code   RO           20    .text._Z14carro_adelantei  code_limpiador_juntas.o
    0x08000a28   0x08000a28   0x00000014   Code   RO           24    .text._Z15SysTick_Wait1msj  code_limpiador_juntas.o
    0x08000a3c   0x08000a3c   0x00000014   Code   RO           26    .text._Z15USART3_SendChari  code_limpiador_juntas.o
    0x08000a50   0x08000a50   0x00000034   Code   RO           18    .text._Z15paro_emergenciav  code_limpiador_juntas.o
    0x08000a84   0x08000a84   0x00000074   Code   RO           32    .text._Z22move_controlled_servosc  code_limpiador_juntas.o
    0x08000af8   0x08000af8   0x00000024   Code   RO            4    .text._Z9RCC_SETUPv  code_limpiador_juntas.o
    0x08000b1c   0x08000b1c   0x00000012   Code   RO           66    .text._ZNSt3__112__hash_tableINS_17__hash_value_typeIciEENS_22__unordered_map_hasherIcS2_NS_4hashIcEELb1EEENS_21__unordered_map_equalIcS2_NS_8equal_toIcEELb1EEENS_9allocatorIS2_EEE17__deallocate_nodeEPNS_16__hash_node_baseIPNS_11__hash_nodeIS2_PvEEEE  code_limpiador_juntas.o
    0x08000b2e   0x08000b2e   0x0000009e   Code   RO           68    .text._ZNSt3__112__hash_tableINS_17__hash_value_typeIciEENS_22__unordered_map_hasherIcS2_NS_4hashIcEELb1EEENS_21__unordered_map_equalIcS2_NS_8equal_toIcEELb1EEENS_9allocatorIS2_EEE6rehashEj  code_limpiador_juntas.o
    0x08000bcc   0x08000bcc   0x0000010c   Code   RO           70    .text._ZNSt3__112__hash_tableINS_17__hash_value_typeIciEENS_22__unordered_map_hasherIcS2_NS_4hashIcEELb1EEENS_21__unordered_map_equalIcS2_NS_8equal_toIcEELb1EEENS_9allocatorIS2_EEE8__rehashEj  code_limpiador_juntas.o
    0x08000cd8   0x08000cd8   0x0000001a   Code   RO           64    .text._ZNSt3__112__hash_tableINS_17__hash_value_typeIciEENS_22__unordered_map_hasherIcS2_NS_4hashIcEELb1EEENS_21__unordered_map_equalIcS2_NS_8equal_toIcEELb1EEENS_9allocatorIS2_EEED2Ev  code_limpiador_juntas.o
    0x08000cf2   0x08000cf2   0x00000002   PAD
    0x08000cf4   0x08000cf4   0x0000054a   Code   RO          116    .text._ZNSt3__112__next_primeEj  libcpp_w.l(hash.cpp.o)
    0x0800123e   0x0800123e   0x00000004   Code   RO           58    .text._ZNSt3__113unordered_mapIciNS_4hashIcEENS_8equal_toIcEENS_9allocatorINS_4pairIKciEEEEED2Ev  code_limpiador_juntas.o
    0x08001242   0x08001242   0x00000166   Code   RO           60    .text._ZNSt3__113unordered_mapIciNS_4hashIcEENS_8equal_toIcEENS_9allocatorINS_4pairIKciEEEEEixEOc  code_limpiador_juntas.o
    0x080013a8   0x080013a8   0x00000166   Code   RO           62    .text._ZNSt3__113unordered_mapIciNS_4hashIcEENS_8equal_toIcEENS_9allocatorINS_4pairIKciEEEEEixERS7_  code_limpiador_juntas.o
    0x0800150e   0x0800150e   0x0000000c   Code   RO          311    .text._ZSt15get_new_handlerv  libcppabi_w.l(cxa_handlers.cpp.o)
    0x0800151a   0x0800151a   0x00000004   Code   RO          132    .text._ZdlPv        libcpp_w.l(new.cpp.o)
    0x0800151e   0x0800151e   0x00000002   PAD
    0x08001520   0x08001520   0x00000026   Code   RO          124    .text._Znwj         libcpp_w.l(new.cpp.o)
    0x08001546   0x08001546   0x00000002   PAD
    0x08001548   0x08001548   0x000000d8   Code   RO            2    .text.main          code_limpiador_juntas.o
    0x08001620   0x08001620   0x0000001a   Code   RO          378    x$fpl$fpinit        fz_wv.l(fpinit.o)
    0x0800163a   0x0800163a   0x00000002   PAD
    0x0800163c   0x0800163c   0x000000c0   Data   RO          118    .rodata._ZNSt3__112_GLOBAL__N_112small_primesE  libcpp_w.l(hash.cpp.o)
    0x080016fc   0x080016fc   0x000000c0   Data   RO          119    .rodata._ZNSt3__112_GLOBAL__N_17indicesE  libcpp_w.l(hash.cpp.o)
    0x080017bc   0x080017bc   0x00000020   Data   RO          489    Region$$Table       anon$$obj.o
    0x080017dc   0x080017dc   0x00000004   Data   RO           46    .init_array         code_limpiador_juntas.o
    0x080017e0   0x080017dc   0x00000000   Data   RO          110    .init_array         c_w.l(init_aeabi.o)


    Execution Region ER_RW (Exec base: 0x20020000, Load base: 0x080017e0, Size: 0x00000008, Max: 0xffffffff, ABSOLUTE)

    Exec Addr    Load Addr    Size         Type   Attr      Idx    E Section Name        Object

    0x20020000   0x080017e0   0x00000008   Data   RW           48    .data..L_MergedGlobals  code_limpiador_juntas.o


    Execution Region ER_ZI (Exec base: 0x20020008, Load base: 0x080017e8, Size: 0x00000890, Max: 0xffffffff, ABSOLUTE)

    Exec Addr    Load Addr    Size         Type   Attr      Idx    E Section Name        Object

    0x20020008        -       0x00000060   Zero   RW          397    .bss                c_w.l(libspace.o)
    0x20020068        -       0x00000028   Zero   RW           49    .bss..L_MergedGlobals.1  code_limpiador_juntas.o
    0x20020090        -       0x00000004   Zero   RW          313    .bss.__cxa_new_handler  libcppabi_w.l(cxa_handlers.cpp.o)
    0x20020094        -       0x00000100   Zero   RW           44    .bss.buffer         code_limpiador_juntas.o
    0x20020194        -       0x00000100   Zero   RW           45    .bss.buffer2        code_limpiador_juntas.o
    0x20020294   0x080017e8   0x00000004   PAD
    0x20020298        -       0x00000200   Zero   RW           73    HEAP                startup_stm32f767xx.o
    0x20020498        -       0x00000400   Zero   RW           72    STACK               startup_stm32f767xx.o


==============================================================================

Image component sizes


      Code (inc. data)   RO Data    RW Data    ZI Data      Debug   Object Name

      2558        128          4          8        552     122533   code_limpiador_juntas.o
        64         26        504          0       1536        916   startup_stm32f767xx.o
        16          4          0          0          0       3542   system_stm32f7xx.o

    ----------------------------------------------------------------------
      2640        158        540          8       2092     126991   Object Totals
         0          0         32          0          0          0   (incl. Generated)
         2          0          0          0          4          0   (incl. Padding)

    ----------------------------------------------------------------------

      Code (inc. data)   RO Data    RW Data    ZI Data      Debug   Library Member Name

         8          0          0          0          0         68   __main.o
         0          0          0          0          0          0   __rtentry.o
        12          0          0          0          0          0   __rtentry2.o
         6          0          0          0          0          0   __rtentry4.o
        52          8          0          0          0          0   __scatter.o
        26          0          0          0          0          0   __scatter_copy.o
        28          0          0          0          0          0   __scatter_zi.o
        22          0          0          0          0         80   abort.o
        46          0          0          0          0         84   aeabi_atexit.o
        10          0          0          0          0         68   cxa_atexit.o
        66          0          0          0          0         84   cxa_finalize.o
        48         34          0          0          0         76   defsig_abrt_inner.o
        14          0          0          0          0         80   defsig_abrt_outer.o
        10          0          0          0          0         68   defsig_exit.o
        50          0          0          0          0         88   defsig_general.o
        80         58          0          0          0         76   defsig_rtmem_inner.o
        14          0          0          0          0         80   defsig_rtmem_outer.o
        18          0          0          0          0         80   exit.o
        94          0          0          0          0         80   h1_alloc.o
        52          0          0          0          0         68   h1_extend.o
        78          0          0          0          0         80   h1_free.o
        14          0          0          0          0         84   h1_init.o
         6          0          0          0          0        152   heapauxi.o
         4          0          0          0          0        136   hguard.o
         0          0          0          0          0          0   indicate_semi.o
        36          8          0          0          0         80   init_aeabi.o
       138          0          0          0          0        168   init_alloc.o
         2          0          0          0          0          0   libinit.o
        18          0          0          0          0          0   libinit2.o
         2          0          0          0          0          0   libshutdown.o
         8          0          0          0          0          0   libshutdown2.o
         8          4          0          0         96         68   libspace.o
         0          0          0          0          0          0   maybetermalloc1.o
         8          4          0          0          0         68   rt_ddtor_pointer_addr_intlibspace.o
         8          4          0          0          0         68   rt_heap_descriptor_intlibspace.o
         2          0          0          0          0          0   rtexit.o
        10          0          0          0          0          0   rtexit2.o
        12          4          0          0          0         68   sys_exit.o
        74          0          0          0          0         80   sys_stackheap_outer.o
        14          0          0          0          0         76   sys_wrch.o
         2          0          0          0          0         68   use_no_semi.o
        26          0          0          0          0        116   fpinit.o
      1354          0        384          0          0         52   hash.cpp.o
        42          0          0          0          0        380   new.cpp.o
        12          0          0          0          4        148   cxa_handlers.cpp.o

    ----------------------------------------------------------------------
      2548        124        384          0        100       2972   Library Totals
        14          0          0          0          0          0   (incl. Padding)

    ----------------------------------------------------------------------

      Code (inc. data)   RO Data    RW Data    ZI Data      Debug   Library Name

      1100        124          0          0         96       2276   c_w.l
        26          0          0          0          0        116   fz_wv.l
      1396          0        384          0          0        432   libcpp_w.l
        12          0          0          0          4        148   libcppabi_w.l

    ----------------------------------------------------------------------
      2548        124        384          0        100       2972   Library Totals

    ----------------------------------------------------------------------

==============================================================================


      Code (inc. data)   RO Data    RW Data    ZI Data      Debug   

      5188        282        924          8       2192     128659   Grand Totals
      5188        282        924          8       2192     128659   ELF Image Totals
      5188        282        924          8          0          0   ROM Totals

==============================================================================

    Total RO  Size (Code + RO Data)                 6112 (   5.97kB)
    Total RW  Size (RW Data + ZI Data)              2200 (   2.15kB)
    Total ROM Size (Code + RO Data + RW Data)       6120 (   5.98kB)

==============================================================================

